Archive member included to satisfy reference by file (symbol)

/home/chomlafg/basic-codes-for-TP/Archi/nucleo-f103rb_hal_lib/Debug/libnucleo-f103rb_hal_lib.a(stm32f1xx_hal.o)
                              src/main.o (HAL_Init)
/home/chomlafg/basic-codes-for-TP/Archi/nucleo-f103rb_hal_lib/Debug/libnucleo-f103rb_hal_lib.a(stm32f1xx_hal_cortex.o)
                              /home/chomlafg/basic-codes-for-TP/Archi/nucleo-f103rb_hal_lib/Debug/libnucleo-f103rb_hal_lib.a(stm32f1xx_hal.o) (HAL_NVIC_SetPriorityGrouping)
/home/chomlafg/basic-codes-for-TP/Archi/nucleo-f103rb_hal_lib/Debug/libnucleo-f103rb_hal_lib.a(stm32f1xx_hal_gpio.o)
                              src/main.o (HAL_GPIO_Init)
/home/chomlafg/basic-codes-for-TP/Archi/nucleo-f103rb_hal_lib/Debug/libnucleo-f103rb_hal_lib.a(stm32f1xx_hal_rcc.o)
                              src/main.o (HAL_RCC_OscConfig)
/home/chomlafg/basic-codes-for-TP/Archi/nucleo-f103rb_hal_lib/Debug/libnucleo-f103rb_hal_lib.a(stm32f1xx_hal_tim.o)
                              src/main.o (HAL_TIM_Base_Init)
/home/chomlafg/basic-codes-for-TP/Archi/nucleo-f103rb_hal_lib/Debug/libnucleo-f103rb_hal_lib.a(stm32f1xx_hal_tim_ex.o)
                              /home/chomlafg/basic-codes-for-TP/Archi/nucleo-f103rb_hal_lib/Debug/libnucleo-f103rb_hal_lib.a(stm32f1xx_hal_tim.o) (TIMEx_DMACommutationCplt)
/home/chomlafg/basic-codes-for-TP/Archi/nucleo-f103rb_hal_lib/Debug/libnucleo-f103rb_hal_lib.a(stm32f1xx_hal_dma.o)
                              /home/chomlafg/basic-codes-for-TP/Archi/nucleo-f103rb_hal_lib/Debug/libnucleo-f103rb_hal_lib.a(stm32f1xx_hal_tim.o) (HAL_DMA_Start_IT)
/opt/STM32/Ac6/plugins/fr.ac6.mcu.externaltools.arm-none.linux64_1.13.1.201705091103/tools/compiler/bin/../lib/gcc/arm-none-eabi/5.4.1/../../../../arm-none-eabi/lib/armv7-m/libc.a(lib_a-errno.o)
                              src/syscalls.o (__errno)
/opt/STM32/Ac6/plugins/fr.ac6.mcu.externaltools.arm-none.linux64_1.13.1.201705091103/tools/compiler/bin/../lib/gcc/arm-none-eabi/5.4.1/../../../../arm-none-eabi/lib/armv7-m/libc.a(lib_a-exit.o)
                              /opt/STM32/Ac6/plugins/fr.ac6.mcu.externaltools.arm-none.linux64_1.13.1.201705091103/tools/compiler/bin/../lib/gcc/arm-none-eabi/5.4.1/../../../../arm-none-eabi/lib/armv7-m/crt0.o (exit)
/opt/STM32/Ac6/plugins/fr.ac6.mcu.externaltools.arm-none.linux64_1.13.1.201705091103/tools/compiler/bin/../lib/gcc/arm-none-eabi/5.4.1/../../../../arm-none-eabi/lib/armv7-m/libc.a(lib_a-impure.o)
                              /opt/STM32/Ac6/plugins/fr.ac6.mcu.externaltools.arm-none.linux64_1.13.1.201705091103/tools/compiler/bin/../lib/gcc/arm-none-eabi/5.4.1/../../../../arm-none-eabi/lib/armv7-m/libc.a(lib_a-exit.o) (_global_impure_ptr)
/opt/STM32/Ac6/plugins/fr.ac6.mcu.externaltools.arm-none.linux64_1.13.1.201705091103/tools/compiler/bin/../lib/gcc/arm-none-eabi/5.4.1/../../../../arm-none-eabi/lib/armv7-m/libc.a(lib_a-init.o)
                              /opt/STM32/Ac6/plugins/fr.ac6.mcu.externaltools.arm-none.linux64_1.13.1.201705091103/tools/compiler/bin/../lib/gcc/arm-none-eabi/5.4.1/../../../../arm-none-eabi/lib/armv7-m/crt0.o (__libc_init_array)
/opt/STM32/Ac6/plugins/fr.ac6.mcu.externaltools.arm-none.linux64_1.13.1.201705091103/tools/compiler/bin/../lib/gcc/arm-none-eabi/5.4.1/../../../../arm-none-eabi/lib/armv7-m/libc.a(lib_a-memset.o)
                              /opt/STM32/Ac6/plugins/fr.ac6.mcu.externaltools.arm-none.linux64_1.13.1.201705091103/tools/compiler/bin/../lib/gcc/arm-none-eabi/5.4.1/../../../../arm-none-eabi/lib/armv7-m/crt0.o (memset)
/opt/STM32/Ac6/plugins/fr.ac6.mcu.externaltools.arm-none.linux64_1.13.1.201705091103/tools/compiler/bin/../lib/gcc/arm-none-eabi/5.4.1/../../../../arm-none-eabi/lib/armv7-m/libc.a(lib_a-__call_atexit.o)
                              /opt/STM32/Ac6/plugins/fr.ac6.mcu.externaltools.arm-none.linux64_1.13.1.201705091103/tools/compiler/bin/../lib/gcc/arm-none-eabi/5.4.1/../../../../arm-none-eabi/lib/armv7-m/libc.a(lib_a-exit.o) (__call_exitprocs)
/opt/STM32/Ac6/plugins/fr.ac6.mcu.externaltools.arm-none.linux64_1.13.1.201705091103/tools/compiler/bin/../lib/gcc/arm-none-eabi/5.4.1/../../../../arm-none-eabi/lib/armv7-m/libc.a(lib_a-atexit.o)
                              /opt/STM32/Ac6/plugins/fr.ac6.mcu.externaltools.arm-none.linux64_1.13.1.201705091103/tools/compiler/bin/../lib/gcc/arm-none-eabi/5.4.1/../../../../arm-none-eabi/lib/armv7-m/libc.a(lib_a-__call_atexit.o) (atexit)
/opt/STM32/Ac6/plugins/fr.ac6.mcu.externaltools.arm-none.linux64_1.13.1.201705091103/tools/compiler/bin/../lib/gcc/arm-none-eabi/5.4.1/../../../../arm-none-eabi/lib/armv7-m/libc.a(lib_a-fini.o)
                              /opt/STM32/Ac6/plugins/fr.ac6.mcu.externaltools.arm-none.linux64_1.13.1.201705091103/tools/compiler/bin/../lib/gcc/arm-none-eabi/5.4.1/../../../../arm-none-eabi/lib/armv7-m/libc.a(lib_a-__call_atexit.o) (__libc_fini_array)
[...]
Memory Configuration

Name             Origin             Length             Attributes
FLASH            0x08000000         0x00020000         xr
RAM              0x20000000         0x00005000         xrw
*default*        0x00000000         0xffffffff

Linker script and memory map

LOAD /opt/STM32/Ac6/plugins/fr.ac6.mcu.externaltools.arm-none.linux64_1.13.1.201705091103/tools/compiler/bin/../lib/gcc/arm-none-eabi/5.4.1/armv7-m/crti.o
LOAD /opt/STM32/Ac6/plugins/fr.ac6.mcu.externaltools.arm-none.linux64_1.13.1.201705091103/tools/compiler/bin/../lib/gcc/arm-none-eabi/5.4.1/armv7-m/crtbegin.o
LOAD /opt/STM32/Ac6/plugins/fr.ac6.mcu.externaltools.arm-none.linux64_1.13.1.201705091103/tools/compiler/bin/../lib/gcc/arm-none-eabi/5.4.1/../../../../arm-none-eabi/lib/armv7-m/crt0.o
LOAD src/main.o
LOAD src/stm32f1xx_it.o
LOAD src/syscalls.o
LOAD src/system_stm32f1xx.o
LOAD startup/startup_stm32f103xb.o
LOAD /home/chomlafg/basic-codes-for-TP/Archi/nucleo-f103rb_hal_lib/Debug/libnucleo-f103rb_hal_lib.a
LOAD /opt/STM32/Ac6/plugins/fr.ac6.mcu.externaltools.arm-none.linux64_1.13.1.201705091103/tools/compiler/bin/../lib/gcc/arm-none-eabi/5.4.1/../../../../arm-none-eabi/lib/armv7-m/libm.a
START GROUP
LOAD /opt/STM32/Ac6/plugins/fr.ac6.mcu.externaltools.arm-none.linux64_1.13.1.201705091103/tools/compiler/bin/../lib/gcc/arm-none-eabi/5.4.1/armv7-m/libgcc.a
LOAD /opt/STM32/Ac6/plugins/fr.ac6.mcu.externaltools.arm-none.linux64_1.13.1.201705091103/tools/compiler/bin/../lib/gcc/arm-none-eabi/5.4.1/../../../../arm-none-eabi/lib/armv7-m/libc.a
END GROUP
LOAD /opt/STM32/Ac6/plugins/fr.ac6.mcu.externaltools.arm-none.linux64_1.13.1.201705091103/tools/compiler/bin/../lib/gcc/arm-none-eabi/5.4.1/armv7-m/crtend.o
LOAD /opt/STM32/Ac6/plugins/fr.ac6.mcu.externaltools.arm-none.linux64_1.13.1.201705091103/tools/compiler/bin/../lib/gcc/arm-none-eabi/5.4.1/armv7-m/crtn.o
                0x20005000                _estack = 0x20005000
                0x00000200                _Min_Heap_Size = 0x200
                0x00000400                _Min_Stack_Size = 0x400

.isr_vector     0x08000000      0x10c
                0x08000000                . = ALIGN (0x4)
 *(.isr_vector)
 .isr_vector    0x08000000      0x10c startup/startup_stm32f103xb.o
                0x08000000                g_pfnVectors
                0x0800010c                . = ALIGN (0x4)

.text           0x0800010c     0x2408
                0x0800010c                . = ALIGN (0x4)
 *(.text)
 .text          0x0800010c       0x5c /opt/STM32/Ac6/plugins/fr.ac6.mcu.externaltools.arm-none.linux64_1.13.1.201705091103/tools/compiler/bin/../lib/gcc/arm-none-eabi/5.4.1/armv7-m/crtbegin.o
 *(.text*)
 .text.SystemClock_Config
                0x08000168       0x8c src/main.o
                0x08000168                SystemClock_Config
 .text.main     0x080001f4      0x25c src/main.o
                0x080001f4                main
 .text.decodeQuartet
                0x08000450       0x20 src/main.o
                0x08000450                decodeQuartet
 .text.afficheNombre
                0x08000470       0x84 src/main.o
                0x08000470                afficheNombre
 .text.HAL_TIM_PeriodElapsedCallback
                0x080004f4       0xc0 src/main.o
                0x080004f4                HAL_TIM_PeriodElapsedCallback
 .text.SysTick_Handler
                0x080005b4       0x10 src/stm32f1xx_it.o
                0x080005b4                SysTick_Handler
 .text.TIM2_IRQHandler
                0x080005c4       0x14 src/stm32f1xx_it.o
                0x080005c4                TIM2_IRQHandler
 .text.TIM3_IRQHandler
                0x080005d8       0x14 src/stm32f1xx_it.o
                0x080005d8                TIM3_IRQHandler
 .text.SystemInit
                0x080005ec       0x68 src/system_stm32f1xx.o
                0x080005ec                SystemInit
 .text.Reset_Handler
                0x08000654       0x48 startup/startup_stm32f103xb.o
                0x08000654                Reset_Handler
 .text.Default_Handler
                0x0800069c        0x2 startup/startup_stm32f103xb.o
                0x0800069c                RTC_Alarm_IRQHandler
                0x0800069c                EXTI2_IRQHandler
                0x0800069c                DebugMon_Handler
                0x0800069c                TIM1_CC_IRQHandler
                0x0800069c                HardFault_Handler
                0x0800069c                PVD_IRQHandler
                0x0800069c                PendSV_Handler
                0x0800069c                NMI_Handler
                0x0800069c                EXTI3_IRQHandler
                0x0800069c                EXTI0_IRQHandler
                0x0800069c                I2C2_EV_IRQHandler
                0x0800069c                UsageFault_Handler
                0x0800069c                ADC1_2_IRQHandler
                0x0800069c                SPI1_IRQHandler
                0x0800069c                TAMPER_IRQHandler
                0x0800069c                DMA1_Channel4_IRQHandler
                0x0800069c                USART3_IRQHandler
                0x0800069c                RTC_IRQHandler
                0x0800069c                DMA1_Channel7_IRQHandler
                0x0800069c                CAN1_RX1_IRQHandler
                0x0800069c                TIM4_IRQHandler
                0x0800069c                I2C1_EV_IRQHandler
                0x0800069c                DMA1_Channel6_IRQHandler
                0x0800069c                RCC_IRQHandler
                0x0800069c                TIM1_TRG_COM_IRQHandler
                0x0800069c                DMA1_Channel1_IRQHandler
                0x0800069c                Default_Handler
                0x0800069c                EXTI15_10_IRQHandler
                0x0800069c                EXTI9_5_IRQHandler
                0x0800069c                SPI2_IRQHandler
                0x0800069c                MemManage_Handler
                0x0800069c                SVC_Handler
                0x0800069c                DMA1_Channel5_IRQHandler
                0x0800069c                EXTI4_IRQHandler
                0x0800069c                USB_LP_CAN1_RX0_IRQHandler
                0x0800069c                USB_HP_CAN1_TX_IRQHandler
                0x0800069c                DMA1_Channel3_IRQHandler
                0x0800069c                TIM1_UP_IRQHandler
                0x0800069c                WWDG_IRQHandler
                0x0800069c                TIM1_BRK_IRQHandler
                0x0800069c                EXTI1_IRQHandler
                0x0800069c                USART2_IRQHandler
                0x0800069c                I2C2_ER_IRQHandler
                0x0800069c                DMA1_Channel2_IRQHandler
                0x0800069c                CAN1_SCE_IRQHandler
                0x0800069c                FLASH_IRQHandler
                0x0800069c                BusFault_Handler
                0x0800069c                USART1_IRQHandler
                0x0800069c                I2C1_ER_IRQHandler
                0x0800069c                USBWakeUp_IRQHandler
 *fill*         0x0800069e        0x2 
 .text.HAL_Init
                0x080006a0       0x2c /home/chomlafg/basic-codes-for-TP/Archi/nucleo-f103rb_hal_lib/Debug/libnucleo-f103rb_hal_lib.a(stm32f1xx_hal.o)
                0x080006a0                HAL_Init
 .text.HAL_MspInit
                0x080006cc        0xc /home/chomlafg/basic-codes-for-TP/Archi/nucleo-f103rb_hal_lib/Debug/libnucleo-f103rb_hal_lib.a(stm32f1xx_hal.o)
                0x080006cc                HAL_MspInit
 .text.HAL_InitTick
                0x080006d8       0x38 /home/chomlafg/basic-codes-for-TP/Archi/nucleo-f103rb_hal_lib/Debug/libnucleo-f103rb_hal_lib.a(stm32f1xx_hal.o)
                0x080006d8                HAL_InitTick
 .text.HAL_IncTick
                0x08000710       0x1c /home/chomlafg/basic-codes-for-TP/Archi/nucleo-f103rb_hal_lib/Debug/libnucleo-f103rb_hal_lib.a(stm32f1xx_hal.o)
                0x08000710                HAL_IncTick
 .text.HAL_GetTick
                0x0800072c       0x14 /home/chomlafg/basic-codes-for-TP/Archi/nucleo-f103rb_hal_lib/Debug/libnucleo-f103rb_hal_lib.a(stm32f1xx_hal.o)
                0x0800072c                HAL_GetTick
 .text.HAL_Delay
                0x08000740       0x2c /home/chomlafg/basic-codes-for-TP/Archi/nucleo-f103rb_hal_lib/Debug/libnucleo-f103rb_hal_lib.a(stm32f1xx_hal.o)
                0x08000740                HAL_Delay
 .text.NVIC_SetPriorityGrouping
                0x0800076c       0x48 /home/chomlafg/basic-codes-for-TP/Archi/nucleo-f103rb_hal_lib/Debug/libnucleo-f103rb_hal_lib.a(stm32f1xx_hal_cortex.o)
 .text.NVIC_GetPriorityGrouping
                0x080007b4       0x1c /home/chomlafg/basic-codes-for-TP/Archi/nucleo-f103rb_hal_lib/Debug/libnucleo-f103rb_hal_lib.a(stm32f1xx_hal_cortex.o)
 .text.NVIC_EnableIRQ
                0x080007d0       0x30 /home/chomlafg/basic-codes-for-TP/Archi/nucleo-f103rb_hal_lib/Debug/libnucleo-f103rb_hal_lib.a(stm32f1xx_hal_cortex.o)
 .text.NVIC_SetPriority
                0x08000800       0x54 /home/chomlafg/basic-codes-for-TP/Archi/nucleo-f103rb_hal_lib/Debug/libnucleo-f103rb_hal_lib.a(stm32f1xx_hal_cortex.o)
 .text.NVIC_EncodePriority
                0x08000854       0x60 /home/chomlafg/basic-codes-for-TP/Archi/nucleo-f103rb_hal_lib/Debug/libnucleo-f103rb_hal_lib.a(stm32f1xx_hal_cortex.o)
 .text.SysTick_Config
                0x080008b4       0x44 /home/chomlafg/basic-codes-for-TP/Archi/nucleo-f103rb_hal_lib/Debug/libnucleo-f103rb_hal_lib.a(stm32f1xx_hal_cortex.o)
 .text.HAL_NVIC_SetPriorityGrouping
                0x080008f8       0x18 /home/chomlafg/basic-codes-for-TP/Archi/nucleo-f103rb_hal_lib/Debug/libnucleo-f103rb_hal_lib.a(stm32f1xx_hal_cortex.o)
                0x080008f8                HAL_NVIC_SetPriorityGrouping
 .text.HAL_NVIC_SetPriority
                0x08000910       0x38 /home/chomlafg/basic-codes-for-TP/Archi/nucleo-f103rb_hal_lib/Debug/libnucleo-f103rb_hal_lib.a(stm32f1xx_hal_cortex.o)
                0x08000910                HAL_NVIC_SetPriority
 .text.HAL_NVIC_EnableIRQ
                0x08000948       0x1c /home/chomlafg/basic-codes-for-TP/Archi/nucleo-f103rb_hal_lib/Debug/libnucleo-f103rb_hal_lib.a(stm32f1xx_hal_cortex.o)
                0x08000948                HAL_NVIC_EnableIRQ
 .text.HAL_SYSTICK_Config
                0x08000964       0x18 /home/chomlafg/basic-codes-for-TP/Archi/nucleo-f103rb_hal_lib/Debug/libnucleo-f103rb_hal_lib.a(stm32f1xx_hal_cortex.o)
                0x08000964                HAL_SYSTICK_Config
 .text.HAL_SYSTICK_IRQHandler
                0x0800097c        0xc /home/chomlafg/basic-codes-for-TP/Archi/nucleo-f103rb_hal_lib/Debug/libnucleo-f103rb_hal_lib.a(stm32f1xx_hal_cortex.o)
                0x0800097c                HAL_SYSTICK_IRQHandler
 .text.HAL_SYSTICK_Callback
                0x08000988        0xc /home/chomlafg/basic-codes-for-TP/Archi/nucleo-f103rb_hal_lib/Debug/libnucleo-f103rb_hal_lib.a(stm32f1xx_hal_cortex.o)
                0x08000988                HAL_SYSTICK_Callback
 .text.HAL_GPIO_Init
                0x08000994      0x2bc /home/chomlafg/basic-codes-for-TP/Archi/nucleo-f103rb_hal_lib/Debug/libnucleo-f103rb_hal_lib.a(stm32f1xx_hal_gpio.o)
                0x08000994                HAL_GPIO_Init
 .text.HAL_GPIO_WritePin
                0x08000c50       0x30 /home/chomlafg/basic-codes-for-TP/Archi/nucleo-f103rb_hal_lib/Debug/libnucleo-f103rb_hal_lib.a(stm32f1xx_hal_gpio.o)
                0x08000c50                HAL_GPIO_WritePin
 .text.HAL_RCC_OscConfig
                0x08000c80      0xe40 /home/chomlafg/basic-codes-for-TP/Archi/nucleo-f103rb_hal_lib/Debug/libnucleo-f103rb_hal_lib.a(stm32f1xx_hal_rcc.o)
                0x08000c80                HAL_RCC_OscConfig
 .text.HAL_RCC_ClockConfig
                0x08001ac0      0x378 /home/chomlafg/basic-codes-for-TP/Archi/nucleo-f103rb_hal_lib/Debug/libnucleo-f103rb_hal_lib.a(stm32f1xx_hal_rcc.o)
                0x08001ac0                HAL_RCC_ClockConfig
 .text.HAL_RCC_GetSysClockFreq
                0x08001e38       0xf4 /home/chomlafg/basic-codes-for-TP/Archi/nucleo-f103rb_hal_lib/Debug/libnucleo-f103rb_hal_lib.a(stm32f1xx_hal_rcc.o)
                0x08001e38                HAL_RCC_GetSysClockFreq
 .text.HAL_RCC_GetHCLKFreq
                0x08001f2c       0x14 /home/chomlafg/basic-codes-for-TP/Archi/nucleo-f103rb_hal_lib/Debug/libnucleo-f103rb_hal_lib.a(stm32f1xx_hal_rcc.o)
                0x08001f2c                HAL_RCC_GetHCLKFreq
 .text.HAL_TIM_Base_Init
                0x08001f40       0x58 /home/chomlafg/basic-codes-for-TP/Archi/nucleo-f103rb_hal_lib/Debug/libnucleo-f103rb_hal_lib.a(stm32f1xx_hal_tim.o)
                0x08001f40                HAL_TIM_Base_Init
 .text.HAL_TIM_Base_MspInit
                0x08001f98       0x14 /home/chomlafg/basic-codes-for-TP/Archi/nucleo-f103rb_hal_lib/Debug/libnucleo-f103rb_hal_lib.a(stm32f1xx_hal_tim.o)
                0x08001f98                HAL_TIM_Base_MspInit
 .text.HAL_TIM_Base_Start_IT
                0x08001fac       0x34 /home/chomlafg/basic-codes-for-TP/Archi/nucleo-f103rb_hal_lib/Debug/libnucleo-f103rb_hal_lib.a(stm32f1xx_hal_tim.o)
                0x08001fac                HAL_TIM_Base_Start_IT
 .text.HAL_TIM_IRQHandler
                0x08001fe0      0x210 /home/chomlafg/basic-codes-for-TP/Archi/nucleo-f103rb_hal_lib/Debug/libnucleo-f103rb_hal_lib.a(stm32f1xx_hal_tim.o)
                0x08001fe0                HAL_TIM_IRQHandler
 .text.HAL_TIM_OC_DelayElapsedCallback
                0x080021f0       0x14 /home/chomlafg/basic-codes-for-TP/Archi/nucleo-f103rb_hal_lib/Debug/libnucleo-f103rb_hal_lib.a(stm32f1xx_hal_tim.o)
                0x080021f0                HAL_TIM_OC_DelayElapsedCallback
 .text.HAL_TIM_IC_CaptureCallback
                0x08002204       0x14 /home/chomlafg/basic-codes-for-TP/Archi/nucleo-f103rb_hal_lib/Debug/libnucleo-f103rb_hal_lib.a(stm32f1xx_hal_tim.o)
                0x08002204                HAL_TIM_IC_CaptureCallback
 .text.HAL_TIM_PWM_PulseFinishedCallback
                0x08002218       0x14 /home/chomlafg/basic-codes-for-TP/Archi/nucleo-f103rb_hal_lib/Debug/libnucleo-f103rb_hal_lib.a(stm32f1xx_hal_tim.o)
                0x08002218                HAL_TIM_PWM_PulseFinishedCallback
 .text.HAL_TIM_TriggerCallback
                0x0800222c       0x14 /home/chomlafg/basic-codes-for-TP/Archi/nucleo-f103rb_hal_lib/Debug/libnucleo-f103rb_hal_lib.a(stm32f1xx_hal_tim.o)
                0x0800222c                HAL_TIM_TriggerCallback
 .text.TIM_Base_SetConfig
                0x08002240       0xbc /home/chomlafg/basic-codes-for-TP/Archi/nucleo-f103rb_hal_lib/Debug/libnucleo-f103rb_hal_lib.a(stm32f1xx_hal_tim.o)
                0x08002240                TIM_Base_SetConfig
 .text.HAL_TIMEx_CommutationCallback
                0x080022fc       0x14 /home/chomlafg/basic-codes-for-TP/Archi/nucleo-f103rb_hal_lib/Debug/libnucleo-f103rb_hal_lib.a(stm32f1xx_hal_tim_ex.o)
                0x080022fc                HAL_TIMEx_CommutationCallback
 .text.HAL_TIMEx_BreakCallback
                0x08002310       0x14 /home/chomlafg/basic-codes-for-TP/Archi/nucleo-f103rb_hal_lib/Debug/libnucleo-f103rb_hal_lib.a(stm32f1xx_hal_tim_ex.o)
                0x08002310                HAL_TIMEx_BreakCallback
 .text.__libc_init_array
                0x08002324       0x50 /opt/STM32/Ac6/plugins/fr.ac6.mcu.externaltools.arm-none.linux64_1.13.1.201705091103/tools/compiler/bin/../lib/gcc/arm-none-eabi/5.4.1/../../../../arm-none-eabi/lib/armv7-m/libc.a(lib_a-init.o)
                0x08002324                __libc_init_array
 .text.memset   0x08002374       0x9c /opt/STM32/Ac6/plugins/fr.ac6.mcu.externaltools.arm-none.linux64_1.13.1.201705091103/tools/compiler/bin/../lib/gcc/arm-none-eabi/5.4.1/../../../../arm-none-eabi/lib/armv7-m/libc.a(lib_a-memset.o)
                0x08002374                memset
 .text.startup.register_fini
                0x08002410       0x14 /opt/STM32/Ac6/plugins/fr.ac6.mcu.externaltools.arm-none.linux64_1.13.1.201705091103/tools/compiler/bin/../lib/gcc/arm-none-eabi/5.4.1/../../../../arm-none-eabi/lib/armv7-m/libc.a(lib_a-__call_atexit.o)
 .text.atexit   0x08002424        0xc /opt/STM32/Ac6/plugins/fr.ac6.mcu.externaltools.arm-none.linux64_1.13.1.201705091103/tools/compiler/bin/../lib/gcc/arm-none-eabi/5.4.1/../../../../arm-none-eabi/lib/armv7-m/libc.a(lib_a-atexit.o)
                0x08002424                atexit
 .text.__libc_fini_array
                0x08002430       0x28 /opt/STM32/Ac6/plugins/fr.ac6.mcu.externaltools.arm-none.linux64_1.13.1.201705091103/tools/compiler/bin/../lib/gcc/arm-none-eabi/5.4.1/../../../../arm-none-eabi/lib/armv7-m/libc.a(lib_a-fini.o)
                0x08002430                __libc_fini_array
 .text.__register_exitproc
                0x08002458       0xa4 /opt/STM32/Ac6/plugins/fr.ac6.mcu.externaltools.arm-none.linux64_1.13.1.201705091103/tools/compiler/bin/../lib/gcc/arm-none-eabi/5.4.1/../../../../arm-none-eabi/lib/armv7-m/libc.a(lib_a-__atexit.o)
                0x08002458                __register_exitproc
 *(.glue_7)
 .glue_7        0x080024fc        0x0 linker stubs
 *(.glue_7t)
 .glue_7t       0x080024fc        0x0 linker stubs
 *(.eh_frame)
 .eh_frame      0x080024fc        0x0 /opt/STM32/Ac6/plugins/fr.ac6.mcu.externaltools.arm-none.linux64_1.13.1.201705091103/tools/compiler/bin/../lib/gcc/arm-none-eabi/5.4.1/armv7-m/crtbegin.o
 *(.init)
 .init          0x080024fc        0x4 /opt/STM32/Ac6/plugins/fr.ac6.mcu.externaltools.arm-none.linux64_1.13.1.201705091103/tools/compiler/bin/../lib/gcc/arm-none-eabi/5.4.1/armv7-m/crti.o
                0x080024fc                _init
 .init          0x08002500        0x8 /opt/STM32/Ac6/plugins/fr.ac6.mcu.externaltools.arm-none.linux64_1.13.1.201705091103/tools/compiler/bin/../lib/gcc/arm-none-eabi/5.4.1/armv7-m/crtn.o
 *(.fini)
 .fini          0x08002508        0x4 /opt/STM32/Ac6/plugins/fr.ac6.mcu.externaltools.arm-none.linux64_1.13.1.201705091103/tools/compiler/bin/../lib/gcc/arm-none-eabi/5.4.1/armv7-m/crti.o
                0x08002508                _fini
 .fini          0x0800250c        0x8 /opt/STM32/Ac6/plugins/fr.ac6.mcu.externaltools.arm-none.linux64_1.13.1.201705091103/tools/compiler/bin/../lib/gcc/arm-none-eabi/5.4.1/armv7-m/crtn.o
                0x08002514                . = ALIGN (0x4)
                0x08002514                _etext = .

.vfp11_veneer   0x08002514        0x0
 .vfp11_veneer  0x08002514        0x0 linker stubs

.v4_bx          0x08002514        0x0
 .v4_bx         0x08002514        0x0 linker stubs

.iplt           0x08002514        0x0
 .iplt          0x08002514        0x0 /opt/STM32/Ac6/plugins/fr.ac6.mcu.externaltools.arm-none.linux64_1.13.1.201705091103/tools/compiler/bin/../lib/gcc/arm-none-eabi/5.4.1/armv7-m/crtbegin.o

.rodata         0x08002514       0x30
                0x08002514                . = ALIGN (0x4)
 *(.rodata)
 .rodata        0x08002514       0x18 src/system_stm32f1xx.o
                0x08002514                AHBPrescTable
                0x08002524                APBPrescTable
 .rodata        0x0800252c       0x12 /home/chomlafg/basic-codes-for-TP/Archi/nucleo-f103rb_hal_lib/Debug/libnucleo-f103rb_hal_lib.a(stm32f1xx_hal_rcc.o)
 *(.rodata*)
 *fill*         0x0800253e        0x2 
 .rodata._global_impure_ptr
                0x08002540        0x4 /opt/STM32/Ac6/plugins/fr.ac6.mcu.externaltools.arm-none.linux64_1.13.1.201705091103/tools/compiler/bin/../lib/gcc/arm-none-eabi/5.4.1/../../../../arm-none-eabi/lib/armv7-m/libc.a(lib_a-impure.o)
                0x08002540                _global_impure_ptr
                0x08002544                . = ALIGN (0x4)

.rel.dyn        0x08002544        0x0
 .rel.iplt      0x08002544        0x0 /opt/STM32/Ac6/plugins/fr.ac6.mcu.externaltools.arm-none.linux64_1.13.1.201705091103/tools/compiler/bin/../lib/gcc/arm-none-eabi/5.4.1/armv7-m/crtbegin.o

.ARM.extab
 *(.ARM.extab* .gnu.linkonce.armextab.*)

.ARM            0x08002544        0x0
                0x08002544                __exidx_start = .
 *(.ARM.exidx*)
                0x08002544                __exidx_end = .

.preinit_array  0x08002544        0x0
                0x08002544                PROVIDE (__preinit_array_start, .)
 *(.preinit_array*)
                0x08002544                PROVIDE (__preinit_array_end, .)

.init_array     0x08002544        0x8
                0x08002544                PROVIDE (__init_array_start, .)
 *(SORT(.init_array.*))
 .init_array.00000
                0x08002544        0x4 /opt/STM32/Ac6/plugins/fr.ac6.mcu.externaltools.arm-none.linux64_1.13.1.201705091103/tools/compiler/bin/../lib/gcc/arm-none-eabi/5.4.1/../../../../arm-none-eabi/lib/armv7-m/libc.a(lib_a-__call_atexit.o)
 *(.init_array*)
 .init_array    0x08002548        0x4 /opt/STM32/Ac6/plugins/fr.ac6.mcu.externaltools.arm-none.linux64_1.13.1.201705091103/tools/compiler/bin/../lib/gcc/arm-none-eabi/5.4.1/armv7-m/crtbegin.o
                0x0800254c                PROVIDE (__init_array_end, .)

.fini_array     0x0800254c        0x4
                0x0800254c                PROVIDE (__fini_array_start, .)
 *(SORT(.fini_array.*))
 *(.fini_array*)
 .fini_array    0x0800254c        0x4 /opt/STM32/Ac6/plugins/fr.ac6.mcu.externaltools.arm-none.linux64_1.13.1.201705091103/tools/compiler/bin/../lib/gcc/arm-none-eabi/5.4.1/armv7-m/crtbegin.o
                0x08002550                PROVIDE (__fini_array_end, .)
                0x08002550                _sidata = LOADADDR (.data)

.data           0x20000000      0x468 load address 0x08002550
                0x20000000                . = ALIGN (0x4)
                0x20000000                _sdata = .
 *(.data)
 .data          0x20000000       0x3c src/main.o
                0x20000000                segPins
                0x20000010                segPorts
                0x2000002c                segments
 .data          0x2000003c        0x4 src/system_stm32f1xx.o
                0x2000003c                SystemCoreClock
 *(.data*)
 .data.impure_data
                0x20000040      0x428 /opt/STM32/Ac6/plugins/fr.ac6.mcu.externaltools.arm-none.linux64_1.13.1.201705091103/tools/compiler/bin/../lib/gcc/arm-none-eabi/5.4.1/../../../../arm-none-eabi/lib/armv7-m/libc.a(lib_a-impure.o)
                0x20000468                . = ALIGN (0x4)
                0x20000468                _edata = .

.jcr            0x20000468        0x0 load address 0x080029b8
 .jcr           0x20000468        0x0 /opt/STM32/Ac6/plugins/fr.ac6.mcu.externaltools.arm-none.linux64_1.13.1.201705091103/tools/compiler/bin/../lib/gcc/arm-none-eabi/5.4.1/armv7-m/crtbegin.o

.igot.plt       0x20000468        0x0 load address 0x080029b8
 .igot.plt      0x20000468        0x0 /opt/STM32/Ac6/plugins/fr.ac6.mcu.externaltools.arm-none.linux64_1.13.1.201705091103/tools/compiler/bin/../lib/gcc/arm-none-eabi/5.4.1/armv7-m/crtbegin.o
                0x20000468                . = ALIGN (0x4)

.bss            0x20000468      0x154 load address 0x080029b8
                0x20000468                _sbss = .
                0x20000468                __bss_start__ = _sbss
 *(.bss)
 .bss           0x20000468       0x1c /opt/STM32/Ac6/plugins/fr.ac6.mcu.externaltools.arm-none.linux64_1.13.1.201705091103/tools/compiler/bin/../lib/gcc/arm-none-eabi/5.4.1/armv7-m/crtbegin.o
 .bss           0x20000484        0x4 /home/chomlafg/basic-codes-for-TP/Archi/nucleo-f103rb_hal_lib/Debug/libnucleo-f103rb_hal_lib.a(stm32f1xx_hal.o)
 *(.bss*)
 *(COMMON)
 COMMON         0x20000488      0x134 src/main.o
                0x20000488                io_anode
                0x200004a8                timer2
                0x200004e4                nombreAffiche
                0x200004e8                clk_sw
                0x200004ec                io_clk_sw
                0x200004fc                io_segTest
                0x2000050c                statutAnodes
                0x20000510                timer3
                0x2000054c                io_seg
                0x200005bc                . = ALIGN (0x4)
                0x200005bc                _ebss = .
                0x200005bc                __bss_end__ = _ebss

._user_heap_stack
                0x200005bc      0x604 load address 0x080029b8
                0x200005c0                . = ALIGN (0x8)
 *fill*         0x200005bc        0x4 
                0x200005c0                PROVIDE (end, .)
                [!provide]                PROVIDE (_end, .)
                0x200007c0                . = (. + _Min_Heap_Size)
 *fill*         0x200005c0      0x200 
                0x20000bc0                . = (. + _Min_Stack_Size)
 *fill*         0x200007c0      0x400 
                0x20000bc0                . = ALIGN (0x8)

/DISCARD/
 libc.a(*)
 libm.a(*)
 libgcc.a(*)

.ARM.attributes
                0x00000000       0x29
 *(.ARM.attributes)
 .ARM.attributes
                0x00000000       0x1d /opt/STM32/Ac6/plugins/fr.ac6.mcu.externaltools.arm-none.linux64_1.13.1.201705091103/tools/compiler/bin/../lib/gcc/arm-none-eabi/5.4.1/armv7-m/crti.o
 .ARM.attributes
                0x0000001d       0x2d /opt/STM32/Ac6/plugins/fr.ac6.mcu.externaltools.arm-none.linux64_1.13.1.201705091103/tools/compiler/bin/../lib/gcc/arm-none-eabi/5.4.1/armv7-m/crtbegin.o
 .ARM.attributes
                0x0000004a       0x33 src/main.o
 .ARM.attributes
                0x0000007d       0x33 src/stm32f1xx_it.o
 .ARM.attributes
                0x000000b0       0x33 src/system_stm32f1xx.o
 .ARM.attributes
                0x000000e3       0x21 startup/startup_stm32f103xb.o
 .ARM.attributes
                0x00000104       0x33 /home/chomlafg/basic-codes-for-TP/Archi/nucleo-f103rb_hal_lib/Debug/libnucleo-f103rb_hal_lib.a(stm32f1xx_hal.o)
 .ARM.attributes
                0x00000137       0x33 /home/chomlafg/basic-codes-for-TP/Archi/nucleo-f103rb_hal_lib/Debug/libnucleo-f103rb_hal_lib.a(stm32f1xx_hal_cortex.o)
 .ARM.attributes
                0x0000016a       0x33 /home/chomlafg/basic-codes-for-TP/Archi/nucleo-f103rb_hal_lib/Debug/libnucleo-f103rb_hal_lib.a(stm32f1xx_hal_gpio.o)
 .ARM.attributes
                0x0000019d       0x33 /home/chomlafg/basic-codes-for-TP/Archi/nucleo-f103rb_hal_lib/Debug/libnucleo-f103rb_hal_lib.a(stm32f1xx_hal_rcc.o)
 .ARM.attributes
                0x000001d0       0x33 /home/chomlafg/basic-codes-for-TP/Archi/nucleo-f103rb_hal_lib/Debug/libnucleo-f103rb_hal_lib.a(stm32f1xx_hal_tim.o)
 .ARM.attributes
                0x00000203       0x33 /home/chomlafg/basic-codes-for-TP/Archi/nucleo-f103rb_hal_lib/Debug/libnucleo-f103rb_hal_lib.a(stm32f1xx_hal_tim_ex.o)
 .ARM.attributes
                0x00000236       0x2d /opt/STM32/Ac6/plugins/fr.ac6.mcu.externaltools.arm-none.linux64_1.13.1.201705091103/tools/compiler/bin/../lib/gcc/arm-none-eabi/5.4.1/../../../../arm-none-eabi/lib/armv7-m/libc.a(lib_a-impure.o)
 .ARM.attributes
                0x00000263       0x2d /opt/STM32/Ac6/plugins/fr.ac6.mcu.externaltools.arm-none.linux64_1.13.1.201705091103/tools/compiler/bin/../lib/gcc/arm-none-eabi/5.4.1/../../../../arm-none-eabi/lib/armv7-m/libc.a(lib_a-init.o)
 .ARM.attributes
                0x00000290       0x2d /opt/STM32/Ac6/plugins/fr.ac6.mcu.externaltools.arm-none.linux64_1.13.1.201705091103/tools/compiler/bin/../lib/gcc/arm-none-eabi/5.4.1/../../../../arm-none-eabi/lib/armv7-m/libc.a(lib_a-memset.o)
 .ARM.attributes
                0x000002bd       0x2d /opt/STM32/Ac6/plugins/fr.ac6.mcu.externaltools.arm-none.linux64_1.13.1.201705091103/tools/compiler/bin/../lib/gcc/arm-none-eabi/5.4.1/../../../../arm-none-eabi/lib/armv7-m/libc.a(lib_a-__call_atexit.o)
 .ARM.attributes
                0x000002ea       0x2d /opt/STM32/Ac6/plugins/fr.ac6.mcu.externaltools.arm-none.linux64_1.13.1.201705091103/tools/compiler/bin/../lib/gcc/arm-none-eabi/5.4.1/../../../../arm-none-eabi/lib/armv7-m/libc.a(lib_a-atexit.o)
 .ARM.attributes
                0x00000317       0x2d /opt/STM32/Ac6/plugins/fr.ac6.mcu.externaltools.arm-none.linux64_1.13.1.201705091103/tools/compiler/bin/../lib/gcc/arm-none-eabi/5.4.1/../../../../arm-none-eabi/lib/armv7-m/libc.a(lib_a-fini.o)
 .ARM.attributes
                0x00000344       0x2d /opt/STM32/Ac6/plugins/fr.ac6.mcu.externaltools.arm-none.linux64_1.13.1.201705091103/tools/compiler/bin/../lib/gcc/arm-none-eabi/5.4.1/../../../../arm-none-eabi/lib/armv7-m/libc.a(lib_a-__atexit.o)
 .ARM.attributes
                0x00000371       0x1d /opt/STM32/Ac6/plugins/fr.ac6.mcu.externaltools.arm-none.linux64_1.13.1.201705091103/tools/compiler/bin/../lib/gcc/arm-none-eabi/5.4.1/armv7-m/crtn.o
OUTPUT(exam_CHOMLAFEL-ROGER.elf elf32-littlearm)

.debug_info     0x00000000     0x701e
 .debug_info    0x00000000      0xc22 src/main.o
 .debug_info    0x00000c22      0x53b src/stm32f1xx_it.o
 .debug_info    0x0000115d      0x3e8 src/system_stm32f1xx.o
 .debug_info    0x00001545       0x88 startup/startup_stm32f103xb.o
 .debug_info    0x000015cd      0x5e7 /home/chomlafg/basic-codes-for-TP/Archi/nucleo-f103rb_hal_lib/Debug/libnucleo-f103rb_hal_lib.a(stm32f1xx_hal.o)
 .debug_info    0x00001bb4      0xac3 /home/chomlafg/basic-codes-for-TP/Archi/nucleo-f103rb_hal_lib/Debug/libnucleo-f103rb_hal_lib.a(stm32f1xx_hal_cortex.o)
 .debug_info    0x00002677      0x5f9 /home/chomlafg/basic-codes-for-TP/Archi/nucleo-f103rb_hal_lib/Debug/libnucleo-f103rb_hal_lib.a(stm32f1xx_hal_gpio.o)
 .debug_info    0x00002c70     0x13fd /home/chomlafg/basic-codes-for-TP/Archi/nucleo-f103rb_hal_lib/Debug/libnucleo-f103rb_hal_lib.a(stm32f1xx_hal_rcc.o)
 .debug_info    0x0000406d     0x210a /home/chomlafg/basic-codes-for-TP/Archi/nucleo-f103rb_hal_lib/Debug/libnucleo-f103rb_hal_lib.a(stm32f1xx_hal_tim.o)
 .debug_info    0x00006177      0xea7 /home/chomlafg/basic-codes-for-TP/Archi/nucleo-f103rb_hal_lib/Debug/libnucleo-f103rb_hal_lib.a(stm32f1xx_hal_tim_ex.o)

.debug_abbrev   0x00000000     0x10f1
 .debug_abbrev  0x00000000      0x1ca src/main.o
 .debug_abbrev  0x000001ca      0x14d src/stm32f1xx_it.o
 .debug_abbrev  0x00000317      0x125 src/system_stm32f1xx.o
 .debug_abbrev  0x0000043c       0x12 startup/startup_stm32f103xb.o
 .debug_abbrev  0x0000044e      0x1fb /home/chomlafg/basic-codes-for-TP/Archi/nucleo-f103rb_hal_lib/Debug/libnucleo-f103rb_hal_lib.a(stm32f1xx_hal.o)
 .debug_abbrev  0x00000649      0x273 /home/chomlafg/basic-codes-for-TP/Archi/nucleo-f103rb_hal_lib/Debug/libnucleo-f103rb_hal_lib.a(stm32f1xx_hal_cortex.o)
 .debug_abbrev  0x000008bc      0x1af /home/chomlafg/basic-codes-for-TP/Archi/nucleo-f103rb_hal_lib/Debug/libnucleo-f103rb_hal_lib.a(stm32f1xx_hal_gpio.o)
 .debug_abbrev  0x00000a6b      0x279 /home/chomlafg/basic-codes-for-TP/Archi/nucleo-f103rb_hal_lib/Debug/libnucleo-f103rb_hal_lib.a(stm32f1xx_hal_rcc.o)
 .debug_abbrev  0x00000ce4      0x20b /home/chomlafg/basic-codes-for-TP/Archi/nucleo-f103rb_hal_lib/Debug/libnucleo-f103rb_hal_lib.a(stm32f1xx_hal_tim.o)
 .debug_abbrev  0x00000eef      0x202 /home/chomlafg/basic-codes-for-TP/Archi/nucleo-f103rb_hal_lib/Debug/libnucleo-f103rb_hal_lib.a(stm32f1xx_hal_tim_ex.o)

.debug_aranges  0x00000000      0x7f0
 .debug_aranges
                0x00000000       0x40 src/main.o
 .debug_aranges
                0x00000040       0x30 src/stm32f1xx_it.o
 .debug_aranges
                0x00000070       0x28 src/system_stm32f1xx.o
 .debug_aranges
                0x00000098       0x28 startup/startup_stm32f103xb.o
 .debug_aranges
                0x000000c0       0xb0 /home/chomlafg/basic-codes-for-TP/Archi/nucleo-f103rb_hal_lib/Debug/libnucleo-f103rb_hal_lib.a(stm32f1xx_hal.o)
 .debug_aranges
                0x00000170      0x100 /home/chomlafg/basic-codes-for-TP/Archi/nucleo-f103rb_hal_lib/Debug/libnucleo-f103rb_hal_lib.a(stm32f1xx_hal_cortex.o)
 .debug_aranges
                0x00000270       0x58 /home/chomlafg/basic-codes-for-TP/Archi/nucleo-f103rb_hal_lib/Debug/libnucleo-f103rb_hal_lib.a(stm32f1xx_hal_gpio.o)
 .debug_aranges
                0x000002c8       0x88 /home/chomlafg/basic-codes-for-TP/Archi/nucleo-f103rb_hal_lib/Debug/libnucleo-f103rb_hal_lib.a(stm32f1xx_hal_rcc.o)
 .debug_aranges
                0x00000350      0x368 /home/chomlafg/basic-codes-for-TP/Archi/nucleo-f103rb_hal_lib/Debug/libnucleo-f103rb_hal_lib.a(stm32f1xx_hal_tim.o)
 .debug_aranges
                0x000006b8      0x138 /home/chomlafg/basic-codes-for-TP/Archi/nucleo-f103rb_hal_lib/Debug/libnucleo-f103rb_hal_lib.a(stm32f1xx_hal_tim_ex.o)

.debug_ranges   0x00000000      0x758
 .debug_ranges  0x00000000       0x30 src/main.o
 .debug_ranges  0x00000030       0x20 src/stm32f1xx_it.o
 .debug_ranges  0x00000050       0x18 src/system_stm32f1xx.o
 .debug_ranges  0x00000068       0x20 startup/startup_stm32f103xb.o
 .debug_ranges  0x00000088       0xa0 /home/chomlafg/basic-codes-for-TP/Archi/nucleo-f103rb_hal_lib/Debug/libnucleo-f103rb_hal_lib.a(stm32f1xx_hal.o)
 .debug_ranges  0x00000128       0xf0 /home/chomlafg/basic-codes-for-TP/Archi/nucleo-f103rb_hal_lib/Debug/libnucleo-f103rb_hal_lib.a(stm32f1xx_hal_cortex.o)
 .debug_ranges  0x00000218       0x48 /home/chomlafg/basic-codes-for-TP/Archi/nucleo-f103rb_hal_lib/Debug/libnucleo-f103rb_hal_lib.a(stm32f1xx_hal_gpio.o)
 .debug_ranges  0x00000260       0x78 /home/chomlafg/basic-codes-for-TP/Archi/nucleo-f103rb_hal_lib/Debug/libnucleo-f103rb_hal_lib.a(stm32f1xx_hal_rcc.o)
 .debug_ranges  0x000002d8      0x358 /home/chomlafg/basic-codes-for-TP/Archi/nucleo-f103rb_hal_lib/Debug/libnucleo-f103rb_hal_lib.a(stm32f1xx_hal_tim.o)
 .debug_ranges  0x00000630      0x128 /home/chomlafg/basic-codes-for-TP/Archi/nucleo-f103rb_hal_lib/Debug/libnucleo-f103rb_hal_lib.a(stm32f1xx_hal_tim_ex.o)

.debug_macro    0x00000000    0x1b720
 .debug_macro   0x00000000      0x40b src/main.o
 .debug_macro   0x0000040b      0x892 src/main.o
 .debug_macro   0x00000c9d      0x216 src/main.o
 .debug_macro   0x00000eb3       0x28 src/main.o
 .debug_macro   0x00000edb       0x22 src/main.o
 .debug_macro   0x00000efd       0x22 src/main.o
 .debug_macro   0x00000f1f       0x87 src/main.o
 .debug_macro   0x00000fa6       0x44 src/main.o
 .debug_macro   0x00000fea       0xfd src/main.o
 .debug_macro   0x000010e7       0x5e src/main.o
 .debug_macro   0x00001145      0x1df src/main.o
 .debug_macro   0x00001324       0x34 src/main.o
 .debug_macro   0x00001358       0x34 src/main.o
 .debug_macro   0x0000138c      0xb8e src/main.o
 .debug_macro   0x00001f1a     0xf2f7 src/main.o
 .debug_macro   0x00011211       0x43 src/main.o
 .debug_macro   0x00011254     0x3383 src/main.o
 .debug_macro   0x000145d7       0x52 src/main.o
 .debug_macro   0x00014629       0x35 src/main.o
 .debug_macro   0x0001465e       0x9c src/main.o
 .debug_macro   0x000146fa       0x16 src/main.o
 .debug_macro   0x00014710       0x97 src/main.o
 .debug_macro   0x000147a7      0x30d src/main.o
 .debug_macro   0x00014ab4       0xfd src/main.o
 .debug_macro   0x00014bb1       0x10 src/main.o
 .debug_macro   0x00014bc1       0x52 src/main.o
 .debug_macro   0x00014c13       0x1f src/main.o
 .debug_macro   0x00014c32       0x43 src/main.o
 .debug_macro   0x00014c75       0x20 src/main.o
 .debug_macro   0x00014c95      0x187 src/main.o
 .debug_macro   0x00014e1c       0x10 src/main.o
 .debug_macro   0x00014e2c       0x1c src/main.o
 .debug_macro   0x00014e48       0x52 src/main.o
 .debug_macro   0x00014e9a       0x40 src/main.o
 .debug_macro   0x00014eda       0x10 src/main.o
 .debug_macro   0x00014eea       0x40 src/main.o
 .debug_macro   0x00014f2a       0xd7 src/main.o
 .debug_macro   0x00015001       0x16 src/main.o
 .debug_macro   0x00015017      0x18b src/main.o
 .debug_macro   0x000151a2       0x57 src/main.o
 .debug_macro   0x000151f9      0x778 src/main.o
 .debug_macro   0x00015971      0x28b src/main.o
 .debug_macro   0x00015bfc      0x141 src/main.o
 .debug_macro   0x00015d3d      0x197 src/main.o
 .debug_macro   0x00015ed4      0x1ae src/main.o
 .debug_macro   0x00016082       0x2d src/main.o
 .debug_macro   0x000160af       0x3c src/main.o
 .debug_macro   0x000160eb      0x401 src/main.o
 .debug_macro   0x000164ec       0x10 src/main.o
 .debug_macro   0x000164fc       0x57 src/main.o
 .debug_macro   0x00016553      0x46a src/main.o
 .debug_macro   0x000169bd      0x1b5 src/main.o
 .debug_macro   0x00016b72       0x22 src/main.o
 .debug_macro   0x00016b94       0x8c src/main.o
 .debug_macro   0x00016c20      0x242 src/main.o
 .debug_macro   0x00016e62      0x225 src/main.o
 .debug_macro   0x00017087       0x99 src/main.o
 .debug_macro   0x00017120      0x143 src/main.o
 .debug_macro   0x00017263      0x1ef src/main.o
 .debug_macro   0x00017452       0xf2 src/main.o
 .debug_macro   0x00017544      0x1f4 src/main.o
 .debug_macro   0x00017738      0x83e src/main.o
 .debug_macro   0x00017f76       0x11 src/main.o
 .debug_macro   0x00017f87      0x256 src/main.o
 .debug_macro   0x000181dd      0x225 src/main.o
 .debug_macro   0x00018402      0x1a7 src/main.o
 .debug_macro   0x000185a9      0x2d4 src/main.o
 .debug_macro   0x0001887d       0x8e src/main.o
 .debug_macro   0x0001890b       0x50 src/main.o
 .debug_macro   0x0001895b      0x26c src/main.o
 .debug_macro   0x00018bc7       0x7c src/main.o
 .debug_macro   0x00018c43      0x198 src/main.o
 .debug_macro   0x00018ddb       0x40 src/main.o
 .debug_macro   0x00018e1b      0x415 src/stm32f1xx_it.o
 .debug_macro   0x00019230      0x3f9 src/system_stm32f1xx.o
 .debug_macro   0x00019629      0x417 /home/chomlafg/basic-codes-for-TP/Archi/nucleo-f103rb_hal_lib/Debug/libnucleo-f103rb_hal_lib.a(stm32f1xx_hal.o)
 .debug_macro   0x00019a40      0x88c /home/chomlafg/basic-codes-for-TP/Archi/nucleo-f103rb_hal_lib/Debug/libnucleo-f103rb_hal_lib.a(stm32f1xx_hal.o)
 .debug_macro   0x0001a2cc      0x3f3 /home/chomlafg/basic-codes-for-TP/Archi/nucleo-f103rb_hal_lib/Debug/libnucleo-f103rb_hal_lib.a(stm32f1xx_hal_cortex.o)
 .debug_macro   0x0001a6bf      0x463 /home/chomlafg/basic-codes-for-TP/Archi/nucleo-f103rb_hal_lib/Debug/libnucleo-f103rb_hal_lib.a(stm32f1xx_hal_gpio.o)
 .debug_macro   0x0001ab22      0x417 /home/chomlafg/basic-codes-for-TP/Archi/nucleo-f103rb_hal_lib/Debug/libnucleo-f103rb_hal_lib.a(stm32f1xx_hal_rcc.o)
 .debug_macro   0x0001af39      0x3f4 /home/chomlafg/basic-codes-for-TP/Archi/nucleo-f103rb_hal_lib/Debug/libnucleo-f103rb_hal_lib.a(stm32f1xx_hal_tim.o)
 .debug_macro   0x0001b32d      0x3f3 /home/chomlafg/basic-codes-for-TP/Archi/nucleo-f103rb_hal_lib/Debug/libnucleo-f103rb_hal_lib.a(stm32f1xx_hal_tim_ex.o)

.debug_line     0x00000000     0x7dcf
 .debug_line    0x00000000      0xb50 src/main.o
 .debug_line    0x00000b50      0xa8e src/stm32f1xx_it.o
 .debug_line    0x000015de      0x9e1 src/system_stm32f1xx.o
 .debug_line    0x00001fbf       0x7d startup/startup_stm32f103xb.o
 .debug_line    0x0000203c      0xb13 /home/chomlafg/basic-codes-for-TP/Archi/nucleo-f103rb_hal_lib/Debug/libnucleo-f103rb_hal_lib.a(stm32f1xx_hal.o)
 .debug_line    0x00002b4f      0xc48 /home/chomlafg/basic-codes-for-TP/Archi/nucleo-f103rb_hal_lib/Debug/libnucleo-f103rb_hal_lib.a(stm32f1xx_hal_cortex.o)
 .debug_line    0x00003797      0xb91 /home/chomlafg/basic-codes-for-TP/Archi/nucleo-f103rb_hal_lib/Debug/libnucleo-f103rb_hal_lib.a(stm32f1xx_hal_gpio.o)
 .debug_line    0x00004328     0x1256 /home/chomlafg/basic-codes-for-TP/Archi/nucleo-f103rb_hal_lib/Debug/libnucleo-f103rb_hal_lib.a(stm32f1xx_hal_rcc.o)
 .debug_line    0x0000557e     0x1919 /home/chomlafg/basic-codes-for-TP/Archi/nucleo-f103rb_hal_lib/Debug/libnucleo-f103rb_hal_lib.a(stm32f1xx_hal_tim.o)
 .debug_line    0x00006e97      0xf38 /home/chomlafg/basic-codes-for-TP/Archi/nucleo-f103rb_hal_lib/Debug/libnucleo-f103rb_hal_lib.a(stm32f1xx_hal_tim_ex.o)

.debug_str      0x00000000    0xa0147
 .debug_str     0x00000000    0x9e222 src/main.o
                              0x9e670 (size before relaxing)
 .debug_str     0x0009e222       0x58 src/stm32f1xx_it.o
                              0x9e12a (size before relaxing)
 .debug_str     0x0009e27a       0xeb src/system_stm32f1xx.o
                              0x9d20c (size before relaxing)
 .debug_str     0x0009e365      0x2f5 /home/chomlafg/basic-codes-for-TP/Archi/nucleo-f103rb_hal_lib/Debug/libnucleo-f103rb_hal_lib.a(stm32f1xx_hal.o)
                              0x9d786 (size before relaxing)
 .debug_str     0x0009e65a      0x29a /home/chomlafg/basic-codes-for-TP/Archi/nucleo-f103rb_hal_lib/Debug/libnucleo-f103rb_hal_lib.a(stm32f1xx_hal_cortex.o)
                              0x9d7dd (size before relaxing)
 .debug_str     0x0009e8f4      0x3e5 /home/chomlafg/basic-codes-for-TP/Archi/nucleo-f103rb_hal_lib/Debug/libnucleo-f103rb_hal_lib.a(stm32f1xx_hal_gpio.o)
                              0x9d5c2 (size before relaxing)
 .debug_str     0x0009ecd9      0x2cc /home/chomlafg/basic-codes-for-TP/Archi/nucleo-f103rb_hal_lib/Debug/libnucleo-f103rb_hal_lib.a(stm32f1xx_hal_rcc.o)
                              0x9d5fc (size before relaxing)
 .debug_str     0x0009efa5      0xcae /home/chomlafg/basic-codes-for-TP/Archi/nucleo-f103rb_hal_lib/Debug/libnucleo-f103rb_hal_lib.a(stm32f1xx_hal_tim.o)
                              0x9e1ee (size before relaxing)
 .debug_str     0x0009fc53      0x4f4 /home/chomlafg/basic-codes-for-TP/Archi/nucleo-f103rb_hal_lib/Debug/libnucleo-f103rb_hal_lib.a(stm32f1xx_hal_tim_ex.o)
                              0x9da83 (size before relaxing)

.comment        0x00000000       0x6e
 .comment       0x00000000       0x6e src/main.o
                                 0x6f (size before relaxing)
 .comment       0x0000006e       0x6f src/stm32f1xx_it.o
 .comment       0x0000006e       0x6f src/system_stm32f1xx.o
 .comment       0x0000006e       0x6f /home/chomlafg/basic-codes-for-TP/Archi/nucleo-f103rb_hal_lib/Debug/libnucleo-f103rb_hal_lib.a(stm32f1xx_hal.o)
 .comment       0x0000006e       0x6f /home/chomlafg/basic-codes-for-TP/Archi/nucleo-f103rb_hal_lib/Debug/libnucleo-f103rb_hal_lib.a(stm32f1xx_hal_cortex.o)
 .comment       0x0000006e       0x6f /home/chomlafg/basic-codes-for-TP/Archi/nucleo-f103rb_hal_lib/Debug/libnucleo-f103rb_hal_lib.a(stm32f1xx_hal_gpio.o)
 .comment       0x0000006e       0x6f /home/chomlafg/basic-codes-for-TP/Archi/nucleo-f103rb_hal_lib/Debug/libnucleo-f103rb_hal_lib.a(stm32f1xx_hal_rcc.o)
 .comment       0x0000006e       0x6f /home/chomlafg/basic-codes-for-TP/Archi/nucleo-f103rb_hal_lib/Debug/libnucleo-f103rb_hal_lib.a(stm32f1xx_hal_tim.o)
 .comment       0x0000006e       0x6f /home/chomlafg/basic-codes-for-TP/Archi/nucleo-f103rb_hal_lib/Debug/libnucleo-f103rb_hal_lib.a(stm32f1xx_hal_tim_ex.o)

.debug_frame    0x00000000     0x21c0
 .debug_frame   0x00000000       0xc4 src/main.o
 .debug_frame   0x000000c4       0x64 src/stm32f1xx_it.o
 .debug_frame   0x00000128       0x58 src/system_stm32f1xx.o
 .debug_frame   0x00000180      0x278 /home/chomlafg/basic-codes-for-TP/Archi/nucleo-f103rb_hal_lib/Debug/libnucleo-f103rb_hal_lib.a(stm32f1xx_hal.o)
 .debug_frame   0x000003f8      0x428 /home/chomlafg/basic-codes-for-TP/Archi/nucleo-f103rb_hal_lib/Debug/libnucleo-f103rb_hal_lib.a(stm32f1xx_hal_cortex.o)
 .debug_frame   0x00000820      0x14c /home/chomlafg/basic-codes-for-TP/Archi/nucleo-f103rb_hal_lib/Debug/libnucleo-f103rb_hal_lib.a(stm32f1xx_hal_gpio.o)
 .debug_frame   0x0000096c      0x21c /home/chomlafg/basic-codes-for-TP/Archi/nucleo-f103rb_hal_lib/Debug/libnucleo-f103rb_hal_lib.a(stm32f1xx_hal_rcc.o)
 .debug_frame   0x00000b88      0xfb4 /home/chomlafg/basic-codes-for-TP/Archi/nucleo-f103rb_hal_lib/Debug/libnucleo-f103rb_hal_lib.a(stm32f1xx_hal_tim.o)
 .debug_frame   0x00001b3c      0x54c /home/chomlafg/basic-codes-for-TP/Archi/nucleo-f103rb_hal_lib/Debug/libnucleo-f103rb_hal_lib.a(stm32f1xx_hal_tim_ex.o)
 .debug_frame   0x00002088       0x2c /opt/STM32/Ac6/plugins/fr.ac6.mcu.externaltools.arm-none.linux64_1.13.1.201705091103/tools/compiler/bin/../lib/gcc/arm-none-eabi/5.4.1/../../../../arm-none-eabi/lib/armv7-m/libc.a(lib_a-init.o)
 .debug_frame   0x000020b4       0x34 /opt/STM32/Ac6/plugins/fr.ac6.mcu.externaltools.arm-none.linux64_1.13.1.201705091103/tools/compiler/bin/../lib/gcc/arm-none-eabi/5.4.1/../../../../arm-none-eabi/lib/armv7-m/libc.a(lib_a-memset.o)
 .debug_frame   0x000020e8       0x50 /opt/STM32/Ac6/plugins/fr.ac6.mcu.externaltools.arm-none.linux64_1.13.1.201705091103/tools/compiler/bin/../lib/gcc/arm-none-eabi/5.4.1/../../../../arm-none-eabi/lib/armv7-m/libc.a(lib_a-__call_atexit.o)
 .debug_frame   0x00002138       0x20 /opt/STM32/Ac6/plugins/fr.ac6.mcu.externaltools.arm-none.linux64_1.13.1.201705091103/tools/compiler/bin/../lib/gcc/arm-none-eabi/5.4.1/../../../../arm-none-eabi/lib/armv7-m/libc.a(lib_a-atexit.o)
 .debug_frame   0x00002158       0x34 /opt/STM32/Ac6/plugins/fr.ac6.mcu.externaltools.arm-none.linux64_1.13.1.201705091103/tools/compiler/bin/../lib/gcc/arm-none-eabi/5.4.1/../../../../arm-none-eabi/lib/armv7-m/libc.a(lib_a-fini.o)
 .debug_frame   0x0000218c       0x34 /opt/STM32/Ac6/plugins/fr.ac6.mcu.externaltools.arm-none.linux64_1.13.1.201705091103/tools/compiler/bin/../lib/gcc/arm-none-eabi/5.4.1/../../../../arm-none-eabi/lib/armv7-m/libc.a(lib_a-__atexit.o)
