Archive member included to satisfy reference by file (symbol)

/home/chomlafg/basic-codes-for-TP/Archi/nucleo-f103rb_hal_lib/Debug/libnucleo-f103rb_hal_lib.a(stm32f1xx_hal.o)
                              src/main.o (HAL_Init)
/home/chomlafg/basic-codes-for-TP/Archi/nucleo-f103rb_hal_lib/Debug/libnucleo-f103rb_hal_lib.a(stm32f1xx_hal_cortex.o)
                              /home/chomlafg/basic-codes-for-TP/Archi/nucleo-f103rb_hal_lib/Debug/libnucleo-f103rb_hal_lib.a(stm32f1xx_hal.o) (HAL_NVIC_SetPriorityGrouping)
/home/chomlafg/basic-codes-for-TP/Archi/nucleo-f103rb_hal_lib/Debug/libnucleo-f103rb_hal_lib.a(stm32f1xx_hal_gpio.o)
                              src/main.o (HAL_GPIO_Init)
/home/chomlafg/basic-codes-for-TP/Archi/nucleo-f103rb_hal_lib/Debug/libnucleo-f103rb_hal_lib.a(stm32f1xx_hal_rcc.o)
                              src/main.o (HAL_RCC_OscConfig)
/opt/STM32/Ac6/plugins/fr.ac6.mcu.externaltools.arm-none.linux64_1.13.1.201705091103/tools/compiler/bin/../lib/gcc/arm-none-eabi/5.4.1/../../../../arm-none-eabi/lib/armv7-m/libc.a(lib_a-errno.o)
                              src/syscalls.o (__errno)
/opt/STM32/Ac6/plugins/fr.ac6.mcu.externaltools.arm-none.linux64_1.13.1.201705091103/tools/compiler/bin/../lib/gcc/arm-none-eabi/5.4.1/../../../../arm-none-eabi/lib/armv7-m/libc.a(lib_a-exit.o)
                              /opt/STM32/Ac6/plugins/fr.ac6.mcu.externaltools.arm-none.linux64_1.13.1.201705091103/tools/compiler/bin/../lib/gcc/arm-none-eabi/5.4.1/../../../../arm-none-eabi/lib/armv7-m/crt0.o (exit)
/opt/STM32/Ac6/plugins/fr.ac6.mcu.externaltools.arm-none.linux64_1.13.1.201705091103/tools/compiler/bin/../lib/gcc/arm-none-eabi/5.4.1/../../../../arm-none-eabi/lib/armv7-m/libc.a(lib_a-impure.o)
                              /opt/STM32/Ac6/plugins/fr.ac6.mcu.externaltools.arm-none.linux64_1.13.1.201705091103/tools/compiler/bin/../lib/gcc/arm-none-eabi/5.4.1/../../../../arm-none-eabi/lib/armv7-m/libc.a(lib_a-exit.o) (_global_impure_ptr)
/opt/STM32/Ac6/plugins/fr.ac6.mcu.externaltools.arm-none.linux64_1.13.1.201705091103/tools/compiler/bin/../lib/gcc/arm-none-eabi/5.4.1/../../../../arm-none-eabi/lib/armv7-m/libc.a(lib_a-init.o)
                              /opt/STM32/Ac6/plugins/fr.ac6.mcu.externaltools.arm-none.linux64_1.13.1.201705091103/tools/compiler/bin/../lib/gcc/arm-none-eabi/5.4.1/../../../../arm-none-eabi/lib/armv7-m/crt0.o (__libc_init_array)
/opt/STM32/Ac6/plugins/fr.ac6.mcu.externaltools.arm-none.linux64_1.13.1.201705091103/tools/compiler/bin/../lib/gcc/arm-none-eabi/5.4.1/../../../../arm-none-eabi/lib/armv7-m/libc.a(lib_a-memset.o)
                              /opt/STM32/Ac6/plugins/fr.ac6.mcu.externaltools.arm-none.linux64_1.13.1.201705091103/tools/compiler/bin/../lib/gcc/arm-none-eabi/5.4.1/../../../../arm-none-eabi/lib/armv7-m/crt0.o (memset)
/opt/STM32/Ac6/plugins/fr.ac6.mcu.externaltools.arm-none.linux64_1.13.1.201705091103/tools/compiler/bin/../lib/gcc/arm-none-eabi/5.4.1/../../../../arm-none-eabi/lib/armv7-m/libc.a(lib_a-__call_atexit.o)
                              /opt/STM32/Ac6/plugins/fr.ac6.mcu.externaltools.arm-none.linux64_1.13.1.201705091103/tools/compiler/bin/../lib/gcc/arm-none-eabi/5.4.1/../../../../arm-none-eabi/lib/armv7-m/libc.a(lib_a-exit.o) (__call_exitprocs)
/opt/STM32/Ac6/plugins/fr.ac6.mcu.externaltools.arm-none.linux64_1.13.1.201705091103/tools/compiler/bin/../lib/gcc/arm-none-eabi/5.4.1/../../../../arm-none-eabi/lib/armv7-m/libc.a(lib_a-atexit.o)
                              /opt/STM32/Ac6/plugins/fr.ac6.mcu.externaltools.arm-none.linux64_1.13.1.201705091103/tools/compiler/bin/../lib/gcc/arm-none-eabi/5.4.1/../../../../arm-none-eabi/lib/armv7-m/libc.a(lib_a-__call_atexit.o) (atexit)
/opt/STM32/Ac6/plugins/fr.ac6.mcu.externaltools.arm-none.linux64_1.13.1.201705091103/tools/compiler/bin/../lib/gcc/arm-none-eabi/5.4.1/../../../../arm-none-eabi/lib/armv7-m/libc.a(lib_a-fini.o)
                              /opt/STM32/Ac6/plugins/fr.ac6.mcu.externaltools.arm-none.linux64_1.13.1.201705091103/tools/compiler/bin/../lib/gcc/arm-none-eabi/5.4.1/../../../../arm-none-eabi/lib/armv7-m/libc.a(lib_a-__call_atexit.o) (__libc_fini_array)
/opt/STM32/Ac6/plugins/fr.ac6.mcu.externaltools.arm-none.linux64_1.13.1.201705091103/tools/compiler/bin/../lib/gcc/arm-none-eabi/5.4.1/../../../../arm-none-eabi/lib/armv7-m/libc.a(lib_a-__atexit.o)
                              /opt/STM32/Ac6/plugins/fr.ac6.mcu.externaltools.arm-none.linux64_1.13.1.201705091103/tools/compiler/bin/../lib/gcc/arm-none-eabi/5.4.1/../../../../arm-none-eabi/lib/armv7-m/libc.a(lib_a-atexit.o) (__register_exitproc)

Allocating common symbols
Common symbol       size              file

io_anode            0x20              src/main.o
io_segTest          0x10              src/main.o
io_seg              0x70              src/main.o

Discarded input sections

[...]
Memory Configuration

Name             Origin             Length             Attributes
FLASH            0x08000000         0x00020000         xr
RAM              0x20000000         0x00005000         xrw
*default*        0x00000000         0xffffffff

Linker script and memory map

LOAD /opt/STM32/Ac6/plugins/fr.ac6.mcu.externaltools.arm-none.linux64_1.13.1.201705091103/tools/compiler/bin/../lib/gcc/arm-none-eabi/5.4.1/armv7-m/crti.o
LOAD /opt/STM32/Ac6/plugins/fr.ac6.mcu.externaltools.arm-none.linux64_1.13.1.201705091103/tools/compiler/bin/../lib/gcc/arm-none-eabi/5.4.1/armv7-m/crtbegin.o
LOAD /opt/STM32/Ac6/plugins/fr.ac6.mcu.externaltools.arm-none.linux64_1.13.1.201705091103/tools/compiler/bin/../lib/gcc/arm-none-eabi/5.4.1/../../../../arm-none-eabi/lib/armv7-m/crt0.o
LOAD src/main.o
LOAD src/stm32f1xx_it.o
LOAD src/syscalls.o
LOAD src/system_stm32f1xx.o
LOAD startup/startup_stm32f103xb.o
LOAD /home/chomlafg/basic-codes-for-TP/Archi/nucleo-f103rb_hal_lib/Debug/libnucleo-f103rb_hal_lib.a
LOAD /opt/STM32/Ac6/plugins/fr.ac6.mcu.externaltools.arm-none.linux64_1.13.1.201705091103/tools/compiler/bin/../lib/gcc/arm-none-eabi/5.4.1/../../../../arm-none-eabi/lib/armv7-m/libm.a
START GROUP
LOAD /opt/STM32/Ac6/plugins/fr.ac6.mcu.externaltools.arm-none.linux64_1.13.1.201705091103/tools/compiler/bin/../lib/gcc/arm-none-eabi/5.4.1/armv7-m/libgcc.a
LOAD /opt/STM32/Ac6/plugins/fr.ac6.mcu.externaltools.arm-none.linux64_1.13.1.201705091103/tools/compiler/bin/../lib/gcc/arm-none-eabi/5.4.1/../../../../arm-none-eabi/lib/armv7-m/libc.a
END GROUP
LOAD /opt/STM32/Ac6/plugins/fr.ac6.mcu.externaltools.arm-none.linux64_1.13.1.201705091103/tools/compiler/bin/../lib/gcc/arm-none-eabi/5.4.1/armv7-m/crtend.o
LOAD /opt/STM32/Ac6/plugins/fr.ac6.mcu.externaltools.arm-none.linux64_1.13.1.201705091103/tools/compiler/bin/../lib/gcc/arm-none-eabi/5.4.1/armv7-m/crtn.o
                0x20005000                _estack = 0x20005000
                0x00000200                _Min_Heap_Size = 0x200
                0x00000400                _Min_Stack_Size = 0x400

.isr_vector     0x08000000      0x10c
                0x08000000                . = ALIGN (0x4)
 *(.isr_vector)
 .isr_vector    0x08000000      0x10c startup/startup_stm32f103xb.o
                0x08000000                g_pfnVectors
                0x0800010c                . = ALIGN (0x4)

.text           0x0800010c     0x1e28
                0x0800010c                . = ALIGN (0x4)
 *(.text)
 .text          0x0800010c       0x5c /opt/STM32/Ac6/plugins/fr.ac6.mcu.externaltools.arm-none.linux64_1.13.1.201705091103/tools/compiler/bin/../lib/gcc/arm-none-eabi/5.4.1/armv7-m/crtbegin.o
 *(.text*)
 .text.SystemClock_Config
                0x08000168       0x8c src/main.o
                0x08000168                SystemClock_Config
 .text.main     0x080001f4      0x194 src/main.o
                0x080001f4                main
 .text.decodeQuartet
                0x08000388       0x20 src/main.o
                0x08000388                decodeQuartet
 .text.afficheNombre
                0x080003a8       0x84 src/main.o
                0x080003a8                afficheNombre
 .text.SysTick_Handler
                0x0800042c       0x10 src/stm32f1xx_it.o
                0x0800042c                SysTick_Handler
 .text.SystemInit
                0x0800043c       0x68 src/system_stm32f1xx.o
                0x0800043c                SystemInit
 .text.Reset_Handler
                0x080004a4       0x48 startup/startup_stm32f103xb.o
                0x080004a4                Reset_Handler
 .text.Default_Handler
                0x080004ec        0x2 startup/startup_stm32f103xb.o
                0x080004ec                RTC_Alarm_IRQHandler
                0x080004ec                EXTI2_IRQHandler
                0x080004ec                DebugMon_Handler
                0x080004ec                TIM1_CC_IRQHandler
                0x080004ec                HardFault_Handler
                0x080004ec                PVD_IRQHandler
                0x080004ec                PendSV_Handler
                0x080004ec                NMI_Handler
                0x080004ec                EXTI3_IRQHandler
                0x080004ec                EXTI0_IRQHandler
                0x080004ec                I2C2_EV_IRQHandler
                0x080004ec                UsageFault_Handler
                0x080004ec                ADC1_2_IRQHandler
                0x080004ec                SPI1_IRQHandler
                0x080004ec                TAMPER_IRQHandler
                0x080004ec                DMA1_Channel4_IRQHandler
                0x080004ec                USART3_IRQHandler
                0x080004ec                RTC_IRQHandler
                0x080004ec                DMA1_Channel7_IRQHandler
                0x080004ec                CAN1_RX1_IRQHandler
                0x080004ec                TIM4_IRQHandler
                0x080004ec                I2C1_EV_IRQHandler
                0x080004ec                DMA1_Channel6_IRQHandler
                0x080004ec                TIM3_IRQHandler
                0x080004ec                RCC_IRQHandler
                0x080004ec                TIM1_TRG_COM_IRQHandler
                0x080004ec                DMA1_Channel1_IRQHandler
                0x080004ec                Default_Handler
                0x080004ec                EXTI15_10_IRQHandler
                0x080004ec                EXTI9_5_IRQHandler
                0x080004ec                SPI2_IRQHandler
                0x080004ec                MemManage_Handler
                0x080004ec                SVC_Handler
                0x080004ec                DMA1_Channel5_IRQHandler
                0x080004ec                EXTI4_IRQHandler
                0x080004ec                USB_LP_CAN1_RX0_IRQHandler
                0x080004ec                USB_HP_CAN1_TX_IRQHandler
                0x080004ec                DMA1_Channel3_IRQHandler
                0x080004ec                TIM1_UP_IRQHandler
                0x080004ec                WWDG_IRQHandler
                0x080004ec                TIM2_IRQHandler
                0x080004ec                TIM1_BRK_IRQHandler
                0x080004ec                EXTI1_IRQHandler
                0x080004ec                USART2_IRQHandler
                0x080004ec                I2C2_ER_IRQHandler
                0x080004ec                DMA1_Channel2_IRQHandler
                0x080004ec                CAN1_SCE_IRQHandler
                0x080004ec                FLASH_IRQHandler
                0x080004ec                BusFault_Handler
                0x080004ec                USART1_IRQHandler
                0x080004ec                I2C1_ER_IRQHandler
                0x080004ec                USBWakeUp_IRQHandler
 *fill*         0x080004ee        0x2 
 .text.HAL_Init
                0x080004f0       0x2c /home/chomlafg/basic-codes-for-TP/Archi/nucleo-f103rb_hal_lib/Debug/libnucleo-f103rb_hal_lib.a(stm32f1xx_hal.o)
                0x080004f0                HAL_Init
 .text.HAL_MspInit
                0x0800051c        0xc /home/chomlafg/basic-codes-for-TP/Archi/nucleo-f103rb_hal_lib/Debug/libnucleo-f103rb_hal_lib.a(stm32f1xx_hal.o)
                0x0800051c                HAL_MspInit
 .text.HAL_InitTick
                0x08000528       0x38 /home/chomlafg/basic-codes-for-TP/Archi/nucleo-f103rb_hal_lib/Debug/libnucleo-f103rb_hal_lib.a(stm32f1xx_hal.o)
                0x08000528                HAL_InitTick
 .text.HAL_IncTick
                0x08000560       0x1c /home/chomlafg/basic-codes-for-TP/Archi/nucleo-f103rb_hal_lib/Debug/libnucleo-f103rb_hal_lib.a(stm32f1xx_hal.o)
                0x08000560                HAL_IncTick
 .text.HAL_GetTick
                0x0800057c       0x14 /home/chomlafg/basic-codes-for-TP/Archi/nucleo-f103rb_hal_lib/Debug/libnucleo-f103rb_hal_lib.a(stm32f1xx_hal.o)
                0x0800057c                HAL_GetTick
 .text.HAL_Delay
                0x08000590       0x2c /home/chomlafg/basic-codes-for-TP/Archi/nucleo-f103rb_hal_lib/Debug/libnucleo-f103rb_hal_lib.a(stm32f1xx_hal.o)
                0x08000590                HAL_Delay
 .text.NVIC_SetPriorityGrouping
                0x080005bc       0x48 /home/chomlafg/basic-codes-for-TP/Archi/nucleo-f103rb_hal_lib/Debug/libnucleo-f103rb_hal_lib.a(stm32f1xx_hal_cortex.o)
 .text.NVIC_GetPriorityGrouping
                0x08000604       0x1c /home/chomlafg/basic-codes-for-TP/Archi/nucleo-f103rb_hal_lib/Debug/libnucleo-f103rb_hal_lib.a(stm32f1xx_hal_cortex.o)
 .text.NVIC_SetPriority
                0x08000620       0x54 /home/chomlafg/basic-codes-for-TP/Archi/nucleo-f103rb_hal_lib/Debug/libnucleo-f103rb_hal_lib.a(stm32f1xx_hal_cortex.o)
 .text.NVIC_EncodePriority
                0x08000674       0x60 /home/chomlafg/basic-codes-for-TP/Archi/nucleo-f103rb_hal_lib/Debug/libnucleo-f103rb_hal_lib.a(stm32f1xx_hal_cortex.o)
 .text.SysTick_Config
                0x080006d4       0x44 /home/chomlafg/basic-codes-for-TP/Archi/nucleo-f103rb_hal_lib/Debug/libnucleo-f103rb_hal_lib.a(stm32f1xx_hal_cortex.o)
 .text.HAL_NVIC_SetPriorityGrouping
                0x08000718       0x18 /home/chomlafg/basic-codes-for-TP/Archi/nucleo-f103rb_hal_lib/Debug/libnucleo-f103rb_hal_lib.a(stm32f1xx_hal_cortex.o)
                0x08000718                HAL_NVIC_SetPriorityGrouping
 .text.HAL_NVIC_SetPriority
                0x08000730       0x38 /home/chomlafg/basic-codes-for-TP/Archi/nucleo-f103rb_hal_lib/Debug/libnucleo-f103rb_hal_lib.a(stm32f1xx_hal_cortex.o)
                0x08000730                HAL_NVIC_SetPriority
 .text.HAL_SYSTICK_Config
                0x08000768       0x18 /home/chomlafg/basic-codes-for-TP/Archi/nucleo-f103rb_hal_lib/Debug/libnucleo-f103rb_hal_lib.a(stm32f1xx_hal_cortex.o)
                0x08000768                HAL_SYSTICK_Config
 .text.HAL_SYSTICK_IRQHandler
                0x08000780        0xc /home/chomlafg/basic-codes-for-TP/Archi/nucleo-f103rb_hal_lib/Debug/libnucleo-f103rb_hal_lib.a(stm32f1xx_hal_cortex.o)
                0x08000780                HAL_SYSTICK_IRQHandler
 .text.HAL_SYSTICK_Callback
                0x0800078c        0xc /home/chomlafg/basic-codes-for-TP/Archi/nucleo-f103rb_hal_lib/Debug/libnucleo-f103rb_hal_lib.a(stm32f1xx_hal_cortex.o)
                0x0800078c                HAL_SYSTICK_Callback
 .text.HAL_GPIO_Init
                0x08000798      0x2bc /home/chomlafg/basic-codes-for-TP/Archi/nucleo-f103rb_hal_lib/Debug/libnucleo-f103rb_hal_lib.a(stm32f1xx_hal_gpio.o)
                0x08000798                HAL_GPIO_Init
 .text.HAL_GPIO_WritePin
                0x08000a54       0x30 /home/chomlafg/basic-codes-for-TP/Archi/nucleo-f103rb_hal_lib/Debug/libnucleo-f103rb_hal_lib.a(stm32f1xx_hal_gpio.o)
                0x08000a54                HAL_GPIO_WritePin
 .text.HAL_RCC_OscConfig
                0x08000a84      0xe40 /home/chomlafg/basic-codes-for-TP/Archi/nucleo-f103rb_hal_lib/Debug/libnucleo-f103rb_hal_lib.a(stm32f1xx_hal_rcc.o)
                0x08000a84                HAL_RCC_OscConfig
 .text.HAL_RCC_ClockConfig
                0x080018c4      0x378 /home/chomlafg/basic-codes-for-TP/Archi/nucleo-f103rb_hal_lib/Debug/libnucleo-f103rb_hal_lib.a(stm32f1xx_hal_rcc.o)
                0x080018c4                HAL_RCC_ClockConfig
 .text.HAL_RCC_GetSysClockFreq
                0x08001c3c       0xf4 /home/chomlafg/basic-codes-for-TP/Archi/nucleo-f103rb_hal_lib/Debug/libnucleo-f103rb_hal_lib.a(stm32f1xx_hal_rcc.o)
                0x08001c3c                HAL_RCC_GetSysClockFreq
 .text.HAL_RCC_GetHCLKFreq
                0x08001d30       0x14 /home/chomlafg/basic-codes-for-TP/Archi/nucleo-f103rb_hal_lib/Debug/libnucleo-f103rb_hal_lib.a(stm32f1xx_hal_rcc.o)
                0x08001d30                HAL_RCC_GetHCLKFreq
 .text.__libc_init_array
                0x08001d44       0x50 /opt/STM32/Ac6/plugins/fr.ac6.mcu.externaltools.arm-none.linux64_1.13.1.201705091103/tools/compiler/bin/../lib/gcc/arm-none-eabi/5.4.1/../../../../arm-none-eabi/lib/armv7-m/libc.a(lib_a-init.o)
                0x08001d44                __libc_init_array
 .text.memset   0x08001d94       0x9c /opt/STM32/Ac6/plugins/fr.ac6.mcu.externaltools.arm-none.linux64_1.13.1.201705091103/tools/compiler/bin/../lib/gcc/arm-none-eabi/5.4.1/../../../../arm-none-eabi/lib/armv7-m/libc.a(lib_a-memset.o)
                0x08001d94                memset
 .text.startup.register_fini
                0x08001e30       0x14 /opt/STM32/Ac6/plugins/fr.ac6.mcu.externaltools.arm-none.linux64_1.13.1.201705091103/tools/compiler/bin/../lib/gcc/arm-none-eabi/5.4.1/../../../../arm-none-eabi/lib/armv7-m/libc.a(lib_a-__call_atexit.o)
 .text.atexit   0x08001e44        0xc /opt/STM32/Ac6/plugins/fr.ac6.mcu.externaltools.arm-none.linux64_1.13.1.201705091103/tools/compiler/bin/../lib/gcc/arm-none-eabi/5.4.1/../../../../arm-none-eabi/lib/armv7-m/libc.a(lib_a-atexit.o)
                0x08001e44                atexit
 .text.__libc_fini_array
                0x08001e50       0x28 /opt/STM32/Ac6/plugins/fr.ac6.mcu.externaltools.arm-none.linux64_1.13.1.201705091103/tools/compiler/bin/../lib/gcc/arm-none-eabi/5.4.1/../../../../arm-none-eabi/lib/armv7-m/libc.a(lib_a-fini.o)
                0x08001e50                __libc_fini_array
 .text.__register_exitproc
                0x08001e78       0xa4 /opt/STM32/Ac6/plugins/fr.ac6.mcu.externaltools.arm-none.linux64_1.13.1.201705091103/tools/compiler/bin/../lib/gcc/arm-none-eabi/5.4.1/../../../../arm-none-eabi/lib/armv7-m/libc.a(lib_a-__atexit.o)
                0x08001e78                __register_exitproc
 *(.glue_7)
 .glue_7        0x08001f1c        0x0 linker stubs
 *(.glue_7t)
 .glue_7t       0x08001f1c        0x0 linker stubs
 *(.eh_frame)
 .eh_frame      0x08001f1c        0x0 /opt/STM32/Ac6/plugins/fr.ac6.mcu.externaltools.arm-none.linux64_1.13.1.201705091103/tools/compiler/bin/../lib/gcc/arm-none-eabi/5.4.1/armv7-m/crtbegin.o
 *(.init)
 .init          0x08001f1c        0x4 /opt/STM32/Ac6/plugins/fr.ac6.mcu.externaltools.arm-none.linux64_1.13.1.201705091103/tools/compiler/bin/../lib/gcc/arm-none-eabi/5.4.1/armv7-m/crti.o
                0x08001f1c                _init
 .init          0x08001f20        0x8 /opt/STM32/Ac6/plugins/fr.ac6.mcu.externaltools.arm-none.linux64_1.13.1.201705091103/tools/compiler/bin/../lib/gcc/arm-none-eabi/5.4.1/armv7-m/crtn.o
 *(.fini)
 .fini          0x08001f28        0x4 /opt/STM32/Ac6/plugins/fr.ac6.mcu.externaltools.arm-none.linux64_1.13.1.201705091103/tools/compiler/bin/../lib/gcc/arm-none-eabi/5.4.1/armv7-m/crti.o
                0x08001f28                _fini
 .fini          0x08001f2c        0x8 /opt/STM32/Ac6/plugins/fr.ac6.mcu.externaltools.arm-none.linux64_1.13.1.201705091103/tools/compiler/bin/../lib/gcc/arm-none-eabi/5.4.1/armv7-m/crtn.o
                0x08001f34                . = ALIGN (0x4)
                0x08001f34                _etext = .

.vfp11_veneer   0x08001f34        0x0
 .vfp11_veneer  0x08001f34        0x0 linker stubs

.v4_bx          0x08001f34        0x0
 .v4_bx         0x08001f34        0x0 linker stubs

.iplt           0x08001f34        0x0
 .iplt          0x08001f34        0x0 /opt/STM32/Ac6/plugins/fr.ac6.mcu.externaltools.arm-none.linux64_1.13.1.201705091103/tools/compiler/bin/../lib/gcc/arm-none-eabi/5.4.1/armv7-m/crtbegin.o

.rodata         0x08001f34       0x30
                0x08001f34                . = ALIGN (0x4)
 *(.rodata)
 .rodata        0x08001f34       0x18 src/system_stm32f1xx.o
                0x08001f34                AHBPrescTable
                0x08001f44                APBPrescTable
 .rodata        0x08001f4c       0x12 /home/chomlafg/basic-codes-for-TP/Archi/nucleo-f103rb_hal_lib/Debug/libnucleo-f103rb_hal_lib.a(stm32f1xx_hal_rcc.o)
 *(.rodata*)
 *fill*         0x08001f5e        0x2 
 .rodata._global_impure_ptr
                0x08001f60        0x4 /opt/STM32/Ac6/plugins/fr.ac6.mcu.externaltools.arm-none.linux64_1.13.1.201705091103/tools/compiler/bin/../lib/gcc/arm-none-eabi/5.4.1/../../../../arm-none-eabi/lib/armv7-m/libc.a(lib_a-impure.o)
                0x08001f60                _global_impure_ptr
                0x08001f64                . = ALIGN (0x4)

.rel.dyn        0x08001f64        0x0
 .rel.iplt      0x08001f64        0x0 /opt/STM32/Ac6/plugins/fr.ac6.mcu.externaltools.arm-none.linux64_1.13.1.201705091103/tools/compiler/bin/../lib/gcc/arm-none-eabi/5.4.1/armv7-m/crtbegin.o

.ARM.extab
 *(.ARM.extab* .gnu.linkonce.armextab.*)

.ARM            0x08001f64        0x0
                0x08001f64                __exidx_start = .
 *(.ARM.exidx*)
                0x08001f64                __exidx_end = .

.preinit_array  0x08001f64        0x0
                0x08001f64                PROVIDE (__preinit_array_start, .)
 *(.preinit_array*)
                0x08001f64                PROVIDE (__preinit_array_end, .)

.init_array     0x08001f64        0x8
                0x08001f64                PROVIDE (__init_array_start, .)
 *(SORT(.init_array.*))
 .init_array.00000
                0x08001f64        0x4 /opt/STM32/Ac6/plugins/fr.ac6.mcu.externaltools.arm-none.linux64_1.13.1.201705091103/tools/compiler/bin/../lib/gcc/arm-none-eabi/5.4.1/../../../../arm-none-eabi/lib/armv7-m/libc.a(lib_a-__call_atexit.o)
 *(.init_array*)
 .init_array    0x08001f68        0x4 /opt/STM32/Ac6/plugins/fr.ac6.mcu.externaltools.arm-none.linux64_1.13.1.201705091103/tools/compiler/bin/../lib/gcc/arm-none-eabi/5.4.1/armv7-m/crtbegin.o
                0x08001f6c                PROVIDE (__init_array_end, .)

.fini_array     0x08001f6c        0x4
                0x08001f6c                PROVIDE (__fini_array_start, .)
 *(SORT(.fini_array.*))
 *(.fini_array*)
 .fini_array    0x08001f6c        0x4 /opt/STM32/Ac6/plugins/fr.ac6.mcu.externaltools.arm-none.linux64_1.13.1.201705091103/tools/compiler/bin/../lib/gcc/arm-none-eabi/5.4.1/armv7-m/crtbegin.o
                0x08001f70                PROVIDE (__fini_array_end, .)
                0x08001f70                _sidata = LOADADDR (.data)

.data           0x20000000      0x468 load address 0x08001f70
                0x20000000                . = ALIGN (0x4)
                0x20000000                _sdata = .
 *(.data)
 .data          0x20000000       0x3c src/main.o
                0x20000000                segPins
                0x20000010                segPorts
                0x2000002c                segments
 .data          0x2000003c        0x4 src/system_stm32f1xx.o
                0x2000003c                SystemCoreClock
 *(.data*)
 .data.impure_data
                0x20000040      0x428 /opt/STM32/Ac6/plugins/fr.ac6.mcu.externaltools.arm-none.linux64_1.13.1.201705091103/tools/compiler/bin/../lib/gcc/arm-none-eabi/5.4.1/../../../../arm-none-eabi/lib/armv7-m/libc.a(lib_a-impure.o)
                0x20000468                . = ALIGN (0x4)
                0x20000468                _edata = .

.jcr            0x20000468        0x0 load address 0x080023d8
 .jcr           0x20000468        0x0 /opt/STM32/Ac6/plugins/fr.ac6.mcu.externaltools.arm-none.linux64_1.13.1.201705091103/tools/compiler/bin/../lib/gcc/arm-none-eabi/5.4.1/armv7-m/crtbegin.o

.igot.plt       0x20000468        0x0 load address 0x080023d8
 .igot.plt      0x20000468        0x0 /opt/STM32/Ac6/plugins/fr.ac6.mcu.externaltools.arm-none.linux64_1.13.1.201705091103/tools/compiler/bin/../lib/gcc/arm-none-eabi/5.4.1/armv7-m/crtbegin.o
                0x20000468                . = ALIGN (0x4)

.bss            0x20000468       0xc0 load address 0x080023d8
                0x20000468                _sbss = .
                0x20000468                __bss_start__ = _sbss
 *(.bss)
 .bss           0x20000468       0x1c /opt/STM32/Ac6/plugins/fr.ac6.mcu.externaltools.arm-none.linux64_1.13.1.201705091103/tools/compiler/bin/../lib/gcc/arm-none-eabi/5.4.1/armv7-m/crtbegin.o
 .bss           0x20000484        0x4 /home/chomlafg/basic-codes-for-TP/Archi/nucleo-f103rb_hal_lib/Debug/libnucleo-f103rb_hal_lib.a(stm32f1xx_hal.o)
 *(.bss*)
 *(COMMON)
 COMMON         0x20000488       0xa0 src/main.o
                0x20000488                io_anode
                0x200004a8                io_segTest
                0x200004b8                io_seg
                0x20000528                . = ALIGN (0x4)
                0x20000528                _ebss = .
                0x20000528                __bss_end__ = _ebss

._user_heap_stack
                0x20000528      0x600 load address 0x080023d8
                0x20000528                . = ALIGN (0x8)
                0x20000528                PROVIDE (end, .)
                [!provide]                PROVIDE (_end, .)
                0x20000728                . = (. + _Min_Heap_Size)
 *fill*         0x20000528      0x200 
                0x20000b28                . = (. + _Min_Stack_Size)
 *fill*         0x20000728      0x400 
                0x20000b28                . = ALIGN (0x8)

/DISCARD/
 libc.a(*)
 libm.a(*)
 libgcc.a(*)

.ARM.attributes
                0x00000000       0x29
 *(.ARM.attributes)
 .ARM.attributes
                0x00000000       0x1d /opt/STM32/Ac6/plugins/fr.ac6.mcu.externaltools.arm-none.linux64_1.13.1.201705091103/tools/compiler/bin/../lib/gcc/arm-none-eabi/5.4.1/armv7-m/crti.o
 .ARM.attributes
                0x0000001d       0x2d /opt/STM32/Ac6/plugins/fr.ac6.mcu.externaltools.arm-none.linux64_1.13.1.201705091103/tools/compiler/bin/../lib/gcc/arm-none-eabi/5.4.1/armv7-m/crtbegin.o
 .ARM.attributes
                0x0000004a       0x33 src/main.o
 .ARM.attributes
                0x0000007d       0x33 src/stm32f1xx_it.o
 .ARM.attributes
                0x000000b0       0x33 src/system_stm32f1xx.o
 .ARM.attributes
                0x000000e3       0x21 startup/startup_stm32f103xb.o
 .ARM.attributes
                0x00000104       0x33 /home/chomlafg/basic-codes-for-TP/Archi/nucleo-f103rb_hal_lib/Debug/libnucleo-f103rb_hal_lib.a(stm32f1xx_hal.o)
 .ARM.attributes
                0x00000137       0x33 /home/chomlafg/basic-codes-for-TP/Archi/nucleo-f103rb_hal_lib/Debug/libnucleo-f103rb_hal_lib.a(stm32f1xx_hal_cortex.o)
 .ARM.attributes
                0x0000016a       0x33 /home/chomlafg/basic-codes-for-TP/Archi/nucleo-f103rb_hal_lib/Debug/libnucleo-f103rb_hal_lib.a(stm32f1xx_hal_gpio.o)
 .ARM.attributes
                0x0000019d       0x33 /home/chomlafg/basic-codes-for-TP/Archi/nucleo-f103rb_hal_lib/Debug/libnucleo-f103rb_hal_lib.a(stm32f1xx_hal_rcc.o)
 .ARM.attributes
                0x000001d0       0x2d /opt/STM32/Ac6/plugins/fr.ac6.mcu.externaltools.arm-none.linux64_1.13.1.201705091103/tools/compiler/bin/../lib/gcc/arm-none-eabi/5.4.1/../../../../arm-none-eabi/lib/armv7-m/libc.a(lib_a-impure.o)
 .ARM.attributes
                0x000001fd       0x2d /opt/STM32/Ac6/plugins/fr.ac6.mcu.externaltools.arm-none.linux64_1.13.1.201705091103/tools/compiler/bin/../lib/gcc/arm-none-eabi/5.4.1/../../../../arm-none-eabi/lib/armv7-m/libc.a(lib_a-init.o)
 .ARM.attributes
                0x0000022a       0x2d /opt/STM32/Ac6/plugins/fr.ac6.mcu.externaltools.arm-none.linux64_1.13.1.201705091103/tools/compiler/bin/../lib/gcc/arm-none-eabi/5.4.1/../../../../arm-none-eabi/lib/armv7-m/libc.a(lib_a-memset.o)
 .ARM.attributes
                0x00000257       0x2d /opt/STM32/Ac6/plugins/fr.ac6.mcu.externaltools.arm-none.linux64_1.13.1.201705091103/tools/compiler/bin/../lib/gcc/arm-none-eabi/5.4.1/../../../../arm-none-eabi/lib/armv7-m/libc.a(lib_a-__call_atexit.o)
 .ARM.attributes
                0x00000284       0x2d /opt/STM32/Ac6/plugins/fr.ac6.mcu.externaltools.arm-none.linux64_1.13.1.201705091103/tools/compiler/bin/../lib/gcc/arm-none-eabi/5.4.1/../../../../arm-none-eabi/lib/armv7-m/libc.a(lib_a-atexit.o)
 .ARM.attributes
                0x000002b1       0x2d /opt/STM32/Ac6/plugins/fr.ac6.mcu.externaltools.arm-none.linux64_1.13.1.201705091103/tools/compiler/bin/../lib/gcc/arm-none-eabi/5.4.1/../../../../arm-none-eabi/lib/armv7-m/libc.a(lib_a-fini.o)
 .ARM.attributes
                0x000002de       0x2d /opt/STM32/Ac6/plugins/fr.ac6.mcu.externaltools.arm-none.linux64_1.13.1.201705091103/tools/compiler/bin/../lib/gcc/arm-none-eabi/5.4.1/../../../../arm-none-eabi/lib/armv7-m/libc.a(lib_a-__atexit.o)
 .ARM.attributes
                0x0000030b       0x1d /opt/STM32/Ac6/plugins/fr.ac6.mcu.externaltools.arm-none.linux64_1.13.1.201705091103/tools/compiler/bin/../lib/gcc/arm-none-eabi/5.4.1/armv7-m/crtn.o
OUTPUT(exam_CHOMLAFEL-ROGER.elf elf32-littlearm)

.debug_info     0x00000000     0x35cf
 .debug_info    0x00000000      0x602 src/main.o
 .debug_info    0x00000602       0xbd src/stm32f1xx_it.o
 .debug_info    0x000006bf      0x3e8 src/system_stm32f1xx.o
 .debug_info    0x00000aa7       0x88 startup/startup_stm32f103xb.o
 .debug_info    0x00000b2f      0x5e7 /home/chomlafg/basic-codes-for-TP/Archi/nucleo-f103rb_hal_lib/Debug/libnucleo-f103rb_hal_lib.a(stm32f1xx_hal.o)
 .debug_info    0x00001116      0xac3 /home/chomlafg/basic-codes-for-TP/Archi/nucleo-f103rb_hal_lib/Debug/libnucleo-f103rb_hal_lib.a(stm32f1xx_hal_cortex.o)
 .debug_info    0x00001bd9      0x5f9 /home/chomlafg/basic-codes-for-TP/Archi/nucleo-f103rb_hal_lib/Debug/libnucleo-f103rb_hal_lib.a(stm32f1xx_hal_gpio.o)
 .debug_info    0x000021d2     0x13fd /home/chomlafg/basic-codes-for-TP/Archi/nucleo-f103rb_hal_lib/Debug/libnucleo-f103rb_hal_lib.a(stm32f1xx_hal_rcc.o)

.debug_abbrev   0x00000000      0xbc3
 .debug_abbrev  0x00000000      0x18c src/main.o
 .debug_abbrev  0x0000018c       0x6a src/stm32f1xx_it.o
 .debug_abbrev  0x000001f6      0x125 src/system_stm32f1xx.o
 .debug_abbrev  0x0000031b       0x12 startup/startup_stm32f103xb.o
 .debug_abbrev  0x0000032d      0x1fb /home/chomlafg/basic-codes-for-TP/Archi/nucleo-f103rb_hal_lib/Debug/libnucleo-f103rb_hal_lib.a(stm32f1xx_hal.o)
 .debug_abbrev  0x00000528      0x273 /home/chomlafg/basic-codes-for-TP/Archi/nucleo-f103rb_hal_lib/Debug/libnucleo-f103rb_hal_lib.a(stm32f1xx_hal_cortex.o)
 .debug_abbrev  0x0000079b      0x1af /home/chomlafg/basic-codes-for-TP/Archi/nucleo-f103rb_hal_lib/Debug/libnucleo-f103rb_hal_lib.a(stm32f1xx_hal_gpio.o)
 .debug_abbrev  0x0000094a      0x279 /home/chomlafg/basic-codes-for-TP/Archi/nucleo-f103rb_hal_lib/Debug/libnucleo-f103rb_hal_lib.a(stm32f1xx_hal_rcc.o)

.debug_aranges  0x00000000      0x338
 .debug_aranges
                0x00000000       0x38 src/main.o
 .debug_aranges
                0x00000038       0x20 src/stm32f1xx_it.o
 .debug_aranges
                0x00000058       0x28 src/system_stm32f1xx.o
 .debug_aranges
                0x00000080       0x28 startup/startup_stm32f103xb.o
 .debug_aranges
                0x000000a8       0xb0 /home/chomlafg/basic-codes-for-TP/Archi/nucleo-f103rb_hal_lib/Debug/libnucleo-f103rb_hal_lib.a(stm32f1xx_hal.o)
 .debug_aranges
                0x00000158      0x100 /home/chomlafg/basic-codes-for-TP/Archi/nucleo-f103rb_hal_lib/Debug/libnucleo-f103rb_hal_lib.a(stm32f1xx_hal_cortex.o)
 .debug_aranges
                0x00000258       0x58 /home/chomlafg/basic-codes-for-TP/Archi/nucleo-f103rb_hal_lib/Debug/libnucleo-f103rb_hal_lib.a(stm32f1xx_hal_gpio.o)
 .debug_aranges
                0x000002b0       0x88 /home/chomlafg/basic-codes-for-TP/Archi/nucleo-f103rb_hal_lib/Debug/libnucleo-f103rb_hal_lib.a(stm32f1xx_hal_rcc.o)

.debug_ranges   0x00000000      0x2c0
 .debug_ranges  0x00000000       0x28 src/main.o
 .debug_ranges  0x00000028       0x10 src/stm32f1xx_it.o
 .debug_ranges  0x00000038       0x18 src/system_stm32f1xx.o
 .debug_ranges  0x00000050       0x20 startup/startup_stm32f103xb.o
 .debug_ranges  0x00000070       0xa0 /home/chomlafg/basic-codes-for-TP/Archi/nucleo-f103rb_hal_lib/Debug/libnucleo-f103rb_hal_lib.a(stm32f1xx_hal.o)
 .debug_ranges  0x00000110       0xf0 /home/chomlafg/basic-codes-for-TP/Archi/nucleo-f103rb_hal_lib/Debug/libnucleo-f103rb_hal_lib.a(stm32f1xx_hal_cortex.o)
 .debug_ranges  0x00000200       0x48 /home/chomlafg/basic-codes-for-TP/Archi/nucleo-f103rb_hal_lib/Debug/libnucleo-f103rb_hal_lib.a(stm32f1xx_hal_gpio.o)
 .debug_ranges  0x00000248       0x78 /home/chomlafg/basic-codes-for-TP/Archi/nucleo-f103rb_hal_lib/Debug/libnucleo-f103rb_hal_lib.a(stm32f1xx_hal_rcc.o)

.debug_macro    0x00000000    0x1af21
 .debug_macro   0x00000000      0x40b src/main.o
 .debug_macro   0x0000040b      0x892 src/main.o
 .debug_macro   0x00000c9d      0x216 src/main.o
 .debug_macro   0x00000eb3       0x28 src/main.o
 .debug_macro   0x00000edb       0x22 src/main.o
 .debug_macro   0x00000efd       0x22 src/main.o
 .debug_macro   0x00000f1f       0x87 src/main.o
 .debug_macro   0x00000fa6       0x44 src/main.o
 .debug_macro   0x00000fea       0xfd src/main.o
 .debug_macro   0x000010e7       0x5e src/main.o
 .debug_macro   0x00001145      0x1df src/main.o
 .debug_macro   0x00001324       0x34 src/main.o
 .debug_macro   0x00001358       0x34 src/main.o
 .debug_macro   0x0000138c      0xb8e src/main.o
 .debug_macro   0x00001f1a     0xf2f7 src/main.o
 .debug_macro   0x00011211       0x43 src/main.o
 .debug_macro   0x00011254     0x3383 src/main.o
 .debug_macro   0x000145d7       0x52 src/main.o
 .debug_macro   0x00014629       0x35 src/main.o
 .debug_macro   0x0001465e       0x9c src/main.o
 .debug_macro   0x000146fa       0x16 src/main.o
 .debug_macro   0x00014710       0x97 src/main.o
 .debug_macro   0x000147a7      0x30d src/main.o
 .debug_macro   0x00014ab4       0xfd src/main.o
 .debug_macro   0x00014bb1       0x10 src/main.o
 .debug_macro   0x00014bc1       0x52 src/main.o
 .debug_macro   0x00014c13       0x1f src/main.o
 .debug_macro   0x00014c32       0x43 src/main.o
 .debug_macro   0x00014c75       0x20 src/main.o
 .debug_macro   0x00014c95      0x187 src/main.o
 .debug_macro   0x00014e1c       0x10 src/main.o
 .debug_macro   0x00014e2c       0x1c src/main.o
 .debug_macro   0x00014e48       0x52 src/main.o
 .debug_macro   0x00014e9a       0x40 src/main.o
 .debug_macro   0x00014eda       0x10 src/main.o
 .debug_macro   0x00014eea       0x40 src/main.o
 .debug_macro   0x00014f2a       0xd7 src/main.o
 .debug_macro   0x00015001       0x16 src/main.o
 .debug_macro   0x00015017      0x18b src/main.o
 .debug_macro   0x000151a2       0x57 src/main.o
 .debug_macro   0x000151f9      0x778 src/main.o
 .debug_macro   0x00015971      0x28b src/main.o
 .debug_macro   0x00015bfc      0x141 src/main.o
 .debug_macro   0x00015d3d      0x197 src/main.o
 .debug_macro   0x00015ed4      0x1ae src/main.o
 .debug_macro   0x00016082       0x2d src/main.o
 .debug_macro   0x000160af       0x3c src/main.o
 .debug_macro   0x000160eb      0x401 src/main.o
 .debug_macro   0x000164ec       0x10 src/main.o
 .debug_macro   0x000164fc       0x57 src/main.o
 .debug_macro   0x00016553      0x46a src/main.o
 .debug_macro   0x000169bd      0x1b5 src/main.o
 .debug_macro   0x00016b72       0x22 src/main.o
 .debug_macro   0x00016b94       0x8c src/main.o
 .debug_macro   0x00016c20      0x242 src/main.o
 .debug_macro   0x00016e62      0x225 src/main.o
 .debug_macro   0x00017087       0x99 src/main.o
 .debug_macro   0x00017120      0x143 src/main.o
 .debug_macro   0x00017263      0x1ef src/main.o
 .debug_macro   0x00017452       0xf2 src/main.o
 .debug_macro   0x00017544      0x1f4 src/main.o
 .debug_macro   0x00017738      0x83e src/main.o
 .debug_macro   0x00017f76       0x11 src/main.o
 .debug_macro   0x00017f87      0x256 src/main.o
 .debug_macro   0x000181dd      0x225 src/main.o
 .debug_macro   0x00018402      0x1a7 src/main.o
 .debug_macro   0x000185a9      0x2d4 src/main.o
 .debug_macro   0x0001887d       0x8e src/main.o
 .debug_macro   0x0001890b       0x50 src/main.o
 .debug_macro   0x0001895b      0x26c src/main.o
 .debug_macro   0x00018bc7       0x7c src/main.o
 .debug_macro   0x00018c43      0x198 src/main.o
 .debug_macro   0x00018ddb       0x40 src/main.o
 .debug_macro   0x00018e1b      0x3fd src/stm32f1xx_it.o
 .debug_macro   0x00019218      0x3f9 src/system_stm32f1xx.o
 .debug_macro   0x00019611      0x417 /home/chomlafg/basic-codes-for-TP/Archi/nucleo-f103rb_hal_lib/Debug/libnucleo-f103rb_hal_lib.a(stm32f1xx_hal.o)
 .debug_macro   0x00019a28      0x88c /home/chomlafg/basic-codes-for-TP/Archi/nucleo-f103rb_hal_lib/Debug/libnucleo-f103rb_hal_lib.a(stm32f1xx_hal.o)
 .debug_macro   0x0001a2b4      0x3f3 /home/chomlafg/basic-codes-for-TP/Archi/nucleo-f103rb_hal_lib/Debug/libnucleo-f103rb_hal_lib.a(stm32f1xx_hal_cortex.o)
 .debug_macro   0x0001a6a7      0x463 /home/chomlafg/basic-codes-for-TP/Archi/nucleo-f103rb_hal_lib/Debug/libnucleo-f103rb_hal_lib.a(stm32f1xx_hal_gpio.o)
 .debug_macro   0x0001ab0a      0x417 /home/chomlafg/basic-codes-for-TP/Archi/nucleo-f103rb_hal_lib/Debug/libnucleo-f103rb_hal_lib.a(stm32f1xx_hal_rcc.o)

.debug_line     0x00000000     0x54a9
 .debug_line    0x00000000      0xb16 src/main.o
 .debug_line    0x00000b16      0x9f3 src/stm32f1xx_it.o
 .debug_line    0x00001509      0x9e1 src/system_stm32f1xx.o
 .debug_line    0x00001eea       0x7d startup/startup_stm32f103xb.o
 .debug_line    0x00001f67      0xb13 /home/chomlafg/basic-codes-for-TP/Archi/nucleo-f103rb_hal_lib/Debug/libnucleo-f103rb_hal_lib.a(stm32f1xx_hal.o)
 .debug_line    0x00002a7a      0xc48 /home/chomlafg/basic-codes-for-TP/Archi/nucleo-f103rb_hal_lib/Debug/libnucleo-f103rb_hal_lib.a(stm32f1xx_hal_cortex.o)
 .debug_line    0x000036c2      0xb91 /home/chomlafg/basic-codes-for-TP/Archi/nucleo-f103rb_hal_lib/Debug/libnucleo-f103rb_hal_lib.a(stm32f1xx_hal_gpio.o)
 .debug_line    0x00004253     0x1256 /home/chomlafg/basic-codes-for-TP/Archi/nucleo-f103rb_hal_lib/Debug/libnucleo-f103rb_hal_lib.a(stm32f1xx_hal_rcc.o)

.debug_str      0x00000000    0x9ec1c
 .debug_str     0x00000000    0x9dc64 src/main.o
                              0x9dfb5 (size before relaxing)
 .debug_str     0x0009dc64       0x38 src/stm32f1xx_it.o
                              0x9d0ee (size before relaxing)
 .debug_str     0x0009dc9c       0xeb src/system_stm32f1xx.o
                              0x9d20c (size before relaxing)
 .debug_str     0x0009dd87      0x54a /home/chomlafg/basic-codes-for-TP/Archi/nucleo-f103rb_hal_lib/Debug/libnucleo-f103rb_hal_lib.a(stm32f1xx_hal.o)
                              0x9d786 (size before relaxing)
 .debug_str     0x0009e2d1      0x29a /home/chomlafg/basic-codes-for-TP/Archi/nucleo-f103rb_hal_lib/Debug/libnucleo-f103rb_hal_lib.a(stm32f1xx_hal_cortex.o)
                              0x9d7dd (size before relaxing)
 .debug_str     0x0009e56b      0x3e5 /home/chomlafg/basic-codes-for-TP/Archi/nucleo-f103rb_hal_lib/Debug/libnucleo-f103rb_hal_lib.a(stm32f1xx_hal_gpio.o)
                              0x9d5c2 (size before relaxing)
 .debug_str     0x0009e950      0x2cc /home/chomlafg/basic-codes-for-TP/Archi/nucleo-f103rb_hal_lib/Debug/libnucleo-f103rb_hal_lib.a(stm32f1xx_hal_rcc.o)
                              0x9d5fc (size before relaxing)

.comment        0x00000000       0x6e
 .comment       0x00000000       0x6e src/main.o
                                 0x6f (size before relaxing)
 .comment       0x0000006e       0x6f src/stm32f1xx_it.o
 .comment       0x0000006e       0x6f src/system_stm32f1xx.o
 .comment       0x0000006e       0x6f /home/chomlafg/basic-codes-for-TP/Archi/nucleo-f103rb_hal_lib/Debug/libnucleo-f103rb_hal_lib.a(stm32f1xx_hal.o)
 .comment       0x0000006e       0x6f /home/chomlafg/basic-codes-for-TP/Archi/nucleo-f103rb_hal_lib/Debug/libnucleo-f103rb_hal_lib.a(stm32f1xx_hal_cortex.o)
 .comment       0x0000006e       0x6f /home/chomlafg/basic-codes-for-TP/Archi/nucleo-f103rb_hal_lib/Debug/libnucleo-f103rb_hal_lib.a(stm32f1xx_hal_gpio.o)
 .comment       0x0000006e       0x6f /home/chomlafg/basic-codes-for-TP/Archi/nucleo-f103rb_hal_lib/Debug/libnucleo-f103rb_hal_lib.a(stm32f1xx_hal_rcc.o)

.debug_frame    0x00000000      0xc64
 .debug_frame   0x00000000       0xa0 src/main.o
 .debug_frame   0x000000a0       0x2c src/stm32f1xx_it.o
 .debug_frame   0x000000cc       0x58 src/system_stm32f1xx.o
 .debug_frame   0x00000124      0x278 /home/chomlafg/basic-codes-for-TP/Archi/nucleo-f103rb_hal_lib/Debug/libnucleo-f103rb_hal_lib.a(stm32f1xx_hal.o)
 .debug_frame   0x0000039c      0x428 /home/chomlafg/basic-codes-for-TP/Archi/nucleo-f103rb_hal_lib/Debug/libnucleo-f103rb_hal_lib.a(stm32f1xx_hal_cortex.o)
 .debug_frame   0x000007c4      0x14c /home/chomlafg/basic-codes-for-TP/Archi/nucleo-f103rb_hal_lib/Debug/libnucleo-f103rb_hal_lib.a(stm32f1xx_hal_gpio.o)
 .debug_frame   0x00000910      0x21c /home/chomlafg/basic-codes-for-TP/Archi/nucleo-f103rb_hal_lib/Debug/libnucleo-f103rb_hal_lib.a(stm32f1xx_hal_rcc.o)
 .debug_frame   0x00000b2c       0x2c /opt/STM32/Ac6/plugins/fr.ac6.mcu.externaltools.arm-none.linux64_1.13.1.201705091103/tools/compiler/bin/../lib/gcc/arm-none-eabi/5.4.1/../../../../arm-none-eabi/lib/armv7-m/libc.a(lib_a-init.o)
 .debug_frame   0x00000b58       0x34 /opt/STM32/Ac6/plugins/fr.ac6.mcu.externaltools.arm-none.linux64_1.13.1.201705091103/tools/compiler/bin/../lib/gcc/arm-none-eabi/5.4.1/../../../../arm-none-eabi/lib/armv7-m/libc.a(lib_a-memset.o)
 .debug_frame   0x00000b8c       0x50 /opt/STM32/Ac6/plugins/fr.ac6.mcu.externaltools.arm-none.linux64_1.13.1.201705091103/tools/compiler/bin/../lib/gcc/arm-none-eabi/5.4.1/../../../../arm-none-eabi/lib/armv7-m/libc.a(lib_a-__call_atexit.o)
 .debug_frame   0x00000bdc       0x20 /opt/STM32/Ac6/plugins/fr.ac6.mcu.externaltools.arm-none.linux64_1.13.1.201705091103/tools/compiler/bin/../lib/gcc/arm-none-eabi/5.4.1/../../../../arm-none-eabi/lib/armv7-m/libc.a(lib_a-atexit.o)
 .debug_frame   0x00000bfc       0x34 /opt/STM32/Ac6/plugins/fr.ac6.mcu.externaltools.arm-none.linux64_1.13.1.201705091103/tools/compiler/bin/../lib/gcc/arm-none-eabi/5.4.1/../../../../arm-none-eabi/lib/armv7-m/libc.a(lib_a-fini.o)
 .debug_frame   0x00000c30       0x34 /opt/STM32/Ac6/plugins/fr.ac6.mcu.externaltools.arm-none.linux64_1.13.1.201705091103/tools/compiler/bin/../lib/gcc/arm-none-eabi/5.4.1/../../../../arm-none-eabi/lib/armv7-m/libc.a(lib_a-__atexit.o)
